Godot Engine v4.7.2.stable.official.ed1daf0bf - https://godotengine.org

[   0% ] [90m[1mfirst_scan_filesystem[22m | Started Project initialization (5 steps)[39m[0m
[   0% ] [90m[1mfirst_scan_filesystem[22m | Scanning file structure...[39m[0m
[  16% ] [90m[1mfirst_scan_filesystem[22m | Loading global class names...[39m[0m
[  33% ] [90m[1mfirst_scan_filesystem[22m | Verifying GDExtensions...[39m[0m
[  50% ] [90m[1mfirst_scan_filesystem[22m | Creating autoload scripts...[39m[0m
[  66% ] [90m[1mfirst_scan_filesystem[22m | Initializing plugins...[39m[0m
[  83% ] [90m[1mfirst_scan_filesystem[22m | Starting file scan...[39m[0m
[92m[ DONE ][39m [1mfirst_scan_filesystem[22m
[0m
[   0% ] [90m[1mloading_editor_layout[22m | Started Loading editor (5 steps)[39m[0m
[   0% ] [90m[1mloading_editor_layout[22m | Loading editor layout...[39m[0m
[  16% ] [90m[1mloading_editor_layout[22m | Loading docks...[39m[0m
[  33% ] [90m[1mloading_editor_layout[22m | Reopening scenes...[39m[0m
SCRIPT ERROR: Parse Error: Could not resolve class "ArenaDecorator", because of a parser error.
          at: GDScript::reload (res://scripts/main/main.gd:261)
SCRIPT ERROR: Parse Error: Cannot infer the type of "decorator" variable because the value doesn't have a set type.
          at: GDScript::reload (res://scripts/main/main.gd:261)
ERROR: Failed to load script "res://scripts/main/main.gd" with error "Parse error".
   at: load (modules/gdscript/gdscript_resource_format.cpp:46)
[  50% ] [90m[1mloading_editor_layout[22m | Loading central editor layout...[39m[0m
[  66% ] [90m[1mloading_editor_layout[22m | Loading plugin window layout...[39m[0m
[  83% ] [90m[1mloading_editor_layout[22m | Editor layout ready.[39m[0m
[92m[ DONE ][39m [1mloading_editor_layout[22m
[0m
ERROR: LSP: Failed to parse script: res://tests/unit/test_decorator_collision.gd
Could not parse global class "ArenaDecorator" from "res://scripts/arena/arena_decorator.gd".
   at: reload_all_workspace_scripts (modules/gdscript/language_server/gdscript_workspace.cpp:201)
ERROR: LSP: Failed to parse script: res://scripts/arena/arena_decorator.gd
Constant "MAT_METAL" has the same name as a previously declared constant.
   at: reload_all_workspace_scripts (modules/gdscript/language_server/gdscript_workspace.cpp:201)
ERROR: LSP: Failed to parse script: res://scripts/main/main.gd
Could not resolve class "ArenaDecorator", because of a parser error.
   at: reload_all_workspace_scripts (modules/gdscript/language_server/gdscript_workspace.cpp:201)
Unicode parsing error: Invalid unicode codepoint (2014), cannot represent as ASCII/Latin-1
Unicode parsing error: Invalid unicode codepoint (2014), cannot represent as ASCII/Latin-1
Unicode parsing error: Invalid unicode codepoint (2014), cannot represent as ASCII/Latin-1
Unicode parsing error: Invalid unicode codepoint (2014), cannot represent as ASCII/Latin-1
Unicode parsing error: Invalid unicode codepoint (2014), cannot represent as ASCII/Latin-1
