Godot Engine v4.7.2.stable.official.ed1daf0bf - https://godotengine.org

[   0% ] [90m[1mfirst_scan_filesystem[22m | Started Project initialization (5 steps)[39m[0m
[   0% ] [90m[1mfirst_scan_filesystem[22m | Scanning file structure...[39m[0m
[  16% ] [90m[1mfirst_scan_filesystem[22m | Loading global class names...[39m[0m
[  33% ] [90m[1mfirst_scan_filesystem[22m | Verifying GDExtensions...[39m[0m
[  50% ] [90m[1mfirst_scan_filesystem[22m | Creating autoload scripts...[39m[0m
SCRIPT ERROR: Parse Error: Could not resolve class "EnemyPresentation", because of a parser error.
          at: GDScript::reload (res://scripts/enemies/enemy_base.gd:97)
SCRIPT ERROR: Parse Error: Cannot infer the type of "_presentation" variable because the value doesn't have a set type.
          at: GDScript::reload (res://scripts/enemies/enemy_base.gd:97)
SCRIPT ERROR: Parse Error: Could not parse global class "EnemyPresentation" from "res://scripts/enemies/enemy_presentation.gd".
          at: GDScript::reload (res://scripts/enemies/enemy_base.gd:206)
SCRIPT ERROR: Compile Error: Failed to compile depended scripts.
          at: GDScript::reload (res://scripts/status/status_effect.gd:0)
SCRIPT ERROR: Compile Error: Failed to compile depended scripts.
          at: GDScript::reload (res://scripts/status/status_manager.gd:0)
SCRIPT ERROR: Compile Error: Failed to compile depended scripts.
          at: GDScript::reload (res://scripts/combat/damageable.gd:0)
SCRIPT ERROR: Compile Error: Failed to compile depended scripts.
          at: GDScript::reload (res://scripts/combat/area_damage.gd:0)
SCRIPT ERROR: Compile Error: Failed to compile depended scripts.
          at: GDScript::reload (res://scripts/arena/hazard_config.gd:0)
SCRIPT ERROR: Compile Error: Failed to compile depended scripts.
          at: GDScript::reload (res://scripts/arena/hazard_placement.gd:0)
SCRIPT ERROR: Compile Error: Failed to compile depended scripts.
          at: GDScript::reload (res://scripts/arena/arena_config.gd:0)
SCRIPT ERROR: Compile Error: Failed to compile depended scripts.
          at: GDScript::reload (res://scripts/core/content_registry.gd:0)
SCRIPT ERROR: Compile Error: Failed to compile depended scripts.
          at: GDScript::reload (res://scripts/meta/prestige.gd:0)
SCRIPT ERROR: Compile Error: Failed to compile depended scripts.
          at: GDScript::reload (res://scripts/save/save_schema.gd:0)
SCRIPT ERROR: Compile Error: Failed to compile depended scripts.
          at: GDScript::reload (res://scripts/save/save_manager.gd:0)
SCRIPT ERROR: Compile Error: Failed to compile depended scripts.
          at: GDScript::reload (res://scripts/audio/audio_manager.gd:0)
SCRIPT ERROR: Compile Error: Failed to compile depended scripts.
          at: GDScript::reload (res://scripts/ui/ui_factory.gd:0)
SCRIPT ERROR: Compile Error: Failed to compile depended scripts.
          at: GDScript::reload (res://scripts/debug/debug_error_overlay.gd:0)
SCRIPT ERROR: Compile Error: Failed to compile depended scripts.
          at: GDScript::reload (res://scripts/debug/debug_error_handler.gd:0)
ERROR: Failed to load script "res://scripts/debug/debug_error_handler.gd" with error "Parse error".
   at: load (modules/gdscript/gdscript_resource_format.cpp:46)
[  66% ] [90m[1mfirst_scan_filesystem[22m | Initializing plugins...[39m[0m
[  83% ] [90m[1mfirst_scan_filesystem[22m | Starting file scan...[39m[0m
[92m[ DONE ][39m [1mfirst_scan_filesystem[22m
[0m
[   0% ] [90m[1mloading_editor_layout[22m | Started Loading editor (5 steps)[39m[0m
[   0% ] [90m[1mloading_editor_layout[22m | Loading editor layout...[39m[0m
[  16% ] [90m[1mloading_editor_layout[22m | Loading docks...[39m[0m
[  33% ] [90m[1mloading_editor_layout[22m | Reopening scenes...[39m[0m
SCRIPT ERROR: Parse Error: Too many arguments for "get()" call. Expected at most 1 but received 2.
          at: GDScript::reload (res://scripts/campaign/campaign_hud.gd:142)
SCRIPT ERROR: Parse Error: Too many arguments for "get()" call. Expected at most 1 but received 2.
          at: GDScript::reload (res://scripts/campaign/campaign_hud.gd:158)
SCRIPT ERROR: Parse Error: Too many arguments for "get()" call. Expected at most 1 but received 2.
          at: GDScript::reload (res://scripts/campaign/campaign_hud.gd:159)
SCRIPT ERROR: Parse Error: Too many arguments for "get()" call. Expected at most 1 but received 2.
          at: GDScript::reload (res://scripts/campaign/campaign_hud.gd:165)
SCRIPT ERROR: Parse Error: No constructor of "String" matches the signature "String(Color)".
          at: GDScript::reload (res://scripts/campaign/campaign_map.gd:42)
SCRIPT ERROR: Compile Error: Failed to compile depended scripts.
          at: GDScript::reload (res://scripts/campaign/campaign_ui.gd:0)
SCRIPT ERROR: Compile Error: Failed to compile depended scripts.
          at: GDScript::reload (res://scripts/campaign/campaign_game.gd:0)
ERROR: Failed to load script "res://scripts/campaign/campaign_game.gd" with error "Parse error".
   at: load (modules/gdscript/gdscript_resource_format.cpp:46)
[  50% ] [90m[1mloading_editor_layout[22m | Loading central editor layout...[39m[0m
[  66% ] [90m[1mloading_editor_layout[22m | Loading plugin window layout...[39m[0m
[  83% ] [90m[1mloading_editor_layout[22m | Editor layout ready.[39m[0m
[92m[ DONE ][39m [1mloading_editor_layout[22m
[0m
