Godot Engine v4.7.2.stable.official.ed1daf0bf - https://godotengine.org

treat_warnings_as_errors=true
SCRIPT ERROR: Parse Error: Could not resolve class "EnemyPresentation", because of a parser error.
          at: GDScript::reload (res://scripts/enemies/enemy_base.gd:97)
SCRIPT ERROR: Parse Error: Cannot infer the type of "_presentation" variable because the value doesn't have a set type.
          at: GDScript::reload (res://scripts/enemies/enemy_base.gd:97)
SCRIPT ERROR: Parse Error: Could not parse global class "EnemyPresentation" from "res://scripts/enemies/enemy_presentation.gd".
          at: GDScript::reload (res://scripts/enemies/enemy_base.gd:206)
SCRIPT ERROR: Compile Error: Failed to compile depended scripts.
          at: GDScript::reload (res://scripts/status/status_effect.gd:0)
SCRIPT ERROR: Compile Error: Failed to compile depended scripts.
          at: GDScript::reload (res://scripts/status/status_manager.gd:0)
SCRIPT ERROR: Compile Error: Failed to compile depended scripts.
          at: GDScript::reload (res://scripts/combat/damageable.gd:0)
SCRIPT ERROR: Compile Error: Failed to compile depended scripts.
          at: GDScript::reload (res://scripts/combat/area_damage.gd:0)
SCRIPT ERROR: Compile Error: Failed to compile depended scripts.
          at: GDScript::reload (res://scripts/arena/hazard_config.gd:0)
SCRIPT ERROR: Compile Error: Failed to compile depended scripts.
          at: GDScript::reload (res://scripts/arena/hazard_placement.gd:0)
SCRIPT ERROR: Compile Error: Failed to compile depended scripts.
          at: GDScript::reload (res://scripts/arena/arena_config.gd:0)
SCRIPT ERROR: Compile Error: Failed to compile depended scripts.
          at: GDScript::reload (res://scripts/core/content_registry.gd:0)
SCRIPT ERROR: Compile Error: Failed to compile depended scripts.
          at: GDScript::reload (res://scripts/meta/prestige.gd:0)
SCRIPT ERROR: Compile Error: Failed to compile depended scripts.
          at: GDScript::reload (res://scripts/save/save_schema.gd:0)
SCRIPT ERROR: Compile Error: Failed to compile depended scripts.
          at: GDScript::reload (res://scripts/save/save_manager.gd:0)
SCRIPT ERROR: Compile Error: Failed to compile depended scripts.
          at: GDScript::reload (res://scripts/audio/audio_manager.gd:0)
SCRIPT ERROR: Compile Error: Failed to compile depended scripts.
          at: GDScript::reload (res://scripts/ui/ui_factory.gd:0)
SCRIPT ERROR: Compile Error: Failed to compile depended scripts.
          at: GDScript::reload (res://scripts/debug/debug_error_overlay.gd:0)
SCRIPT ERROR: Compile Error: Failed to compile depended scripts.
          at: GDScript::reload (res://scripts/debug/debug_error_handler.gd:0)
ERROR: Failed to load script "res://scripts/debug/debug_error_handler.gd" with error "Compilation failed".
   at: load (modules/gdscript/gdscript_resource_format.cpp:46)
[diagnostic] AudioAssetIntegrator registered 29 SFX + 5 music state cues from approved library
[diagnostic] ContentRegistry ready: 8 enemies, 38 upgrades, 3 arenas, 3 cameras, 9 weapons, 8 skills, 14 status, 7 pickups, 10 waves, 6 hazards, 7 mutators, 7 modes, prestige ladder loaded
[diagnostic] GameRoot ready
[diagnostic] RunAnalytics ready (offline only)
