===== res://scripts/arena/arena.gd
Godot Engine v4.7.2.stable.official.ed1daf0bf - https://godotengine.org

SCRIPT ERROR: Compile Error: Identifier not found: ContentRegistry
          at: GDScript::reload (res://scripts/arena/arena.gd:149)
ERROR: Failed to load script "res://scripts/arena/arena.gd" with error "Compilation failed".
   at: load (modules/gdscript/gdscript_resource_format.cpp:46)
===== res://scripts/arena/arena_config.gd
Godot Engine v4.7.2.stable.official.ed1daf0bf - https://godotengine.org

SCRIPT ERROR: Compile Error: Identifier not found: AudioManager
          at: GDScript::reload (res://scripts/enemies/enemy_audio.gd:65)
SCRIPT ERROR: Compile Error: Identifier not found: AudioManager
          at: GDScript::reload (res://scripts/enemies/boss_controller.gd:151)
SCRIPT ERROR: Compile Error: Identifier not found: EventBus
          at: GDScript::reload (res://scripts/visuals/effect_director.gd:148)
SCRIPT ERROR: Compile Error: Failed to compile depended scripts.
          at: GDScript::reload (res://scripts/enemies/enemy_base.gd:0)
SCRIPT ERROR: Compile Error: Failed to compile depended scripts.
          at: GDScript::reload (res://scripts/status/status_effect.gd:0)
SCRIPT ERROR: Compile Error: Identifier not found: EventBus
          at: GDScript::reload (res://scripts/core/content_registry.gd:38)
SCRIPT ERROR: Compile Error: Identifier not found: ContentRegistry
          at: GDScript::reload (res://scripts/player/progression_component.gd:115)
SCRIPT ERROR: Compile Error: Failed to compile depended scripts.
          at: GDScript::reload (res://scripts/status/status_manager.gd:0)
SCRIPT ERROR: Compile Error: Failed to compile depended scripts.
          at: GDScript::reload (res://scripts/combat/damageable.gd:0)
SCRIPT ERROR: Compile Error: Failed to compile depended scripts.
          at: GDScript::reload (res://scripts/combat/area_damage.gd:0)
SCRIPT ERROR: Compile Error: Failed to compile depended scripts.
          at: GDScript::reload (res://scripts/arena/hazard_config.gd:0)
SCRIPT ERROR: Compile Error: Failed to compile depended scripts.
          at: GDScript::reload (res://scripts/arena/hazard_placement.gd:0)
SCRIPT ERROR: Compile Error: Failed to compile depended scripts.
          at: GDScript::reload (res://scripts/arena/arena_config.gd:0)
ERROR: Failed to load script "res://scripts/arena/arena_config.gd" with error "Compilation failed".
   at: load (modules/gdscript/gdscript_resource_format.cpp:46)
===== res://scripts/arena/arena_decorator.gd
Godot Engine v4.7.2.stable.official.ed1daf0bf - https://godotengine.org

SCRIPT ERROR: Compile Error: Identifier not found: ContentRegistry
          at: GDScript::reload (res://scripts/arena/arena.gd:149)
SCRIPT ERROR: Compile Error: Identifier not found: AudioManager
          at: GDScript::reload (res://scripts/enemies/enemy_audio.gd:65)
SCRIPT ERROR: Compile Error: Identifier not found: AudioManager
          at: GDScript::reload (res://scripts/enemies/boss_controller.gd:151)
SCRIPT ERROR: Compile Error: Identifier not found: EventBus
          at: GDScript::reload (res://scripts/visuals/effect_director.gd:148)
SCRIPT ERROR: Compile Error: Failed to compile depended scripts.
          at: GDScript::reload (res://scripts/enemies/enemy_base.gd:0)
SCRIPT ERROR: Compile Error: Failed to compile depended scripts.
          at: GDScript::reload (res://scripts/status/status_effect.gd:0)
SCRIPT ERROR: Compile Error: Identifier not found: EventBus
          at: GDScript::reload (res://scripts/core/content_registry.gd:38)
SCRIPT ERROR: Compile Error: Identifier not found: ContentRegistry
          at: GDScript::reload (res://scripts/player/progression_component.gd:115)
SCRIPT ERROR: Compile Error: Failed to compile depended scripts.
          at: GDScript::reload (res://scripts/status/status_manager.gd:0)
SCRIPT ERROR: Compile Error: Failed to compile depended scripts.
          at: GDScript::reload (res://scripts/combat/damageable.gd:0)
SCRIPT ERROR: Compile Error: Failed to compile depended scripts.
          at: GDScript::reload (res://scripts/combat/area_damage.gd:0)
SCRIPT ERROR: Compile Error: Failed to compile depended scripts.
          at: GDScript::reload (res://scripts/arena/hazard_config.gd:0)
SCRIPT ERROR: Compile Error: Failed to compile depended scripts.
          at: GDScript::reload (res://scripts/arena/hazard_placement.gd:0)
SCRIPT ERROR: Compile Error: Failed to compile depended scripts.
          at: GDScript::reload (res://scripts/arena/arena_config.gd:0)
SCRIPT ERROR: Compile Error: Failed to compile depended scripts.
          at: GDScript::reload (res://scripts/arena/arena_decorator.gd:0)
ERROR: Failed to load script "res://scripts/arena/arena_decorator.gd" with error "Compilation failed".
   at: load (modules/gdscript/gdscript_resource_format.cpp:46)
===== res://scripts/arena/arena_hazards.gd
Godot Engine v4.7.2.stable.official.ed1daf0bf - https://godotengine.org

SCRIPT ERROR: Compile Error: Identifier not found: ContentRegistry
          at: GDScript::reload (res://scripts/arena/arena_hazards.gd:201)
ERROR: Failed to load script "res://scripts/arena/arena_hazards.gd" with error "Compilation failed".
   at: load (modules/gdscript/gdscript_resource_format.cpp:46)
===== res://scripts/arena/arena_landmark.gd
Godot Engine v4.7.2.stable.official.ed1daf0bf - https://godotengine.org

===== res://scripts/arena/arena_landmark_config.gd
Godot Engine v4.7.2.stable.official.ed1daf0bf - https://godotengine.org

===== res://scripts/arena/arena_landmark_placement.gd
Godot Engine v4.7.2.stable.official.ed1daf0bf - https://godotengine.org

===== res://scripts/arena/arena_nav_grid.gd
Godot Engine v4.7.2.stable.official.ed1daf0bf - https://godotengine.org

===== res://scripts/arena/arena_obstacle_placement.gd
Godot Engine v4.7.2.stable.official.ed1daf0bf - https://godotengine.org

===== res://scripts/arena/arena_obstacles.gd
Godot Engine v4.7.2.stable.official.ed1daf0bf - https://godotengine.org

SCRIPT ERROR: Compile Error: Identifier not found: AudioManager
          at: GDScript::reload (res://scripts/enemies/enemy_audio.gd:65)
SCRIPT ERROR: Compile Error: Identifier not found: AudioManager
          at: GDScript::reload (res://scripts/enemies/boss_controller.gd:151)
SCRIPT ERROR: Compile Error: Identifier not found: EventBus
          at: GDScript::reload (res://scripts/visuals/effect_director.gd:148)
SCRIPT ERROR: Compile Error: Failed to compile depended scripts.
          at: GDScript::reload (res://scripts/enemies/enemy_base.gd:0)
SCRIPT ERROR: Compile Error: Failed to compile depended scripts.
          at: GDScript::reload (res://scripts/status/status_effect.gd:0)
SCRIPT ERROR: Compile Error: Identifier not found: EventBus
          at: GDScript::reload (res://scripts/core/content_registry.gd:38)
SCRIPT ERROR: Compile Error: Identifier not found: ContentRegistry
          at: GDScript::reload (res://scripts/player/progression_component.gd:115)
SCRIPT ERROR: Compile Error: Failed to compile depended scripts.
          at: GDScript::reload (res://scripts/status/status_manager.gd:0)
SCRIPT ERROR: Compile Error: Failed to compile depended scripts.
          at: GDScript::reload (res://scripts/combat/damageable.gd:0)
SCRIPT ERROR: Compile Error: Failed to compile depended scripts.
          at: GDScript::reload (res://scripts/combat/area_damage.gd:0)
SCRIPT ERROR: Compile Error: Failed to compile depended scripts.
          at: GDScript::reload (res://scripts/arena/hazard_config.gd:0)
SCRIPT ERROR: Compile Error: Failed to compile depended scripts.
          at: GDScript::reload (res://scripts/arena/hazard_placement.gd:0)
SCRIPT ERROR: Compile Error: Failed to compile depended scripts.
          at: GDScript::reload (res://scripts/arena/arena_config.gd:0)
SCRIPT ERROR: Compile Error: Failed to compile depended scripts.
          at: GDScript::reload (res://scripts/arena/arena_obstacles.gd:0)
ERROR: Failed to load script "res://scripts/arena/arena_obstacles.gd" with error "Compilation failed".
   at: load (modules/gdscript/gdscript_resource_format.cpp:46)
===== res://scripts/arena/arena_theme_config.gd
Godot Engine v4.7.2.stable.official.ed1daf0bf - https://godotengine.org

===== res://scripts/arena/dungeon_generator.gd
Godot Engine v4.7.2.stable.official.ed1daf0bf - https://godotengine.org

===== res://scripts/arena/hazard_config.gd
Godot Engine v4.7.2.stable.official.ed1daf0bf - https://godotengine.org

SCRIPT ERROR: Compile Error: Identifier not found: AudioManager
          at: GDScript::reload (res://scripts/enemies/enemy_audio.gd:65)
SCRIPT ERROR: Compile Error: Identifier not found: AudioManager
          at: GDScript::reload (res://scripts/enemies/boss_controller.gd:151)
SCRIPT ERROR: Compile Error: Identifier not found: EventBus
          at: GDScript::reload (res://scripts/visuals/effect_director.gd:148)
SCRIPT ERROR: Compile Error: Failed to compile depended scripts.
          at: GDScript::reload (res://scripts/enemies/enemy_base.gd:0)
SCRIPT ERROR: Compile Error: Failed to compile depended scripts.
          at: GDScript::reload (res://scripts/status/status_effect.gd:0)
SCRIPT ERROR: Compile Error: Identifier not found: EventBus
          at: GDScript::reload (res://scripts/core/content_registry.gd:38)
SCRIPT ERROR: Compile Error: Identifier not found: ContentRegistry
          at: GDScript::reload (res://scripts/player/progression_component.gd:115)
SCRIPT ERROR: Compile Error: Failed to compile depended scripts.
          at: GDScript::reload (res://scripts/status/status_manager.gd:0)
SCRIPT ERROR: Compile Error: Failed to compile depended scripts.
          at: GDScript::reload (res://scripts/combat/damageable.gd:0)
SCRIPT ERROR: Compile Error: Failed to compile depended scripts.
          at: GDScript::reload (res://scripts/combat/area_damage.gd:0)
SCRIPT ERROR: Compile Error: Failed to compile depended scripts.
          at: GDScript::reload (res://scripts/arena/hazard_config.gd:0)
ERROR: Failed to load script "res://scripts/arena/hazard_config.gd" with error "Compilation failed".
   at: load (modules/gdscript/gdscript_resource_format.cpp:46)
===== res://scripts/arena/hazard_instance.gd
Godot Engine v4.7.2.stable.official.ed1daf0bf - https://godotengine.org

SCRIPT ERROR: Compile Error: Identifier not found: AudioManager
          at: GDScript::reload (res://scripts/enemies/enemy_audio.gd:65)
SCRIPT ERROR: Compile Error: Identifier not found: AudioManager
          at: GDScript::reload (res://scripts/enemies/boss_controller.gd:151)
SCRIPT ERROR: Compile Error: Identifier not found: EventBus
          at: GDScript::reload (res://scripts/visuals/effect_director.gd:148)
SCRIPT ERROR: Compile Error: Failed to compile depended scripts.
          at: GDScript::reload (res://scripts/enemies/enemy_base.gd:0)
SCRIPT ERROR: Compile Error: Failed to compile depended scripts.
          at: GDScript::reload (res://scripts/status/status_effect.gd:0)
SCRIPT ERROR: Compile Error: Identifier not found: EventBus
          at: GDScript::reload (res://scripts/core/content_registry.gd:38)
SCRIPT ERROR: Compile Error: Identifier not found: ContentRegistry
          at: GDScript::reload (res://scripts/player/progression_component.gd:115)
SCRIPT ERROR: Compile Error: Failed to compile depended scripts.
          at: GDScript::reload (res://scripts/status/status_manager.gd:0)
SCRIPT ERROR: Compile Error: Failed to compile depended scripts.
          at: GDScript::reload (res://scripts/combat/damageable.gd:0)
SCRIPT ERROR: Compile Error: Failed to compile depended scripts.
          at: GDScript::reload (res://scripts/combat/area_damage.gd:0)
SCRIPT ERROR: Compile Error: Failed to compile depended scripts.
          at: GDScript::reload (res://scripts/arena/hazard_config.gd:0)
SCRIPT ERROR: Compile Error: Failed to compile depended scripts.
          at: GDScript::reload (res://scripts/arena/hazard_instance.gd:0)
ERROR: Failed to load script "res://scripts/arena/hazard_instance.gd" with error "Compilation failed".
   at: load (modules/gdscript/gdscript_resource_format.cpp:46)
===== res://scripts/arena/hazard_marker.gd
Godot Engine v4.7.2.stable.official.ed1daf0bf - https://godotengine.org

SCRIPT ERROR: Compile Error: Identifier not found: AudioManager
          at: GDScript::reload (res://scripts/enemies/enemy_audio.gd:65)
SCRIPT ERROR: Compile Error: Identifier not found: AudioManager
          at: GDScript::reload (res://scripts/enemies/boss_controller.gd:151)
SCRIPT ERROR: Compile Error: Identifier not found: EventBus
          at: GDScript::reload (res://scripts/visuals/effect_director.gd:148)
SCRIPT ERROR: Compile Error: Failed to compile depended scripts.
          at: GDScript::reload (res://scripts/enemies/enemy_base.gd:0)
SCRIPT ERROR: Compile Error: Failed to compile depended scripts.
          at: GDScript::reload (res://scripts/status/status_effect.gd:0)
SCRIPT ERROR: Compile Error: Identifier not found: EventBus
          at: GDScript::reload (res://scripts/core/content_registry.gd:38)
SCRIPT ERROR: Compile Error: Identifier not found: ContentRegistry
          at: GDScript::reload (res://scripts/player/progression_component.gd:115)
SCRIPT ERROR: Compile Error: Failed to compile depended scripts.
          at: GDScript::reload (res://scripts/status/status_manager.gd:0)
SCRIPT ERROR: Compile Error: Failed to compile depended scripts.
          at: GDScript::reload (res://scripts/combat/damageable.gd:0)
SCRIPT ERROR: Compile Error: Failed to compile depended scripts.
          at: GDScript::reload (res://scripts/combat/area_damage.gd:0)
SCRIPT ERROR: Compile Error: Failed to compile depended scripts.
          at: GDScript::reload (res://scripts/arena/hazard_config.gd:0)
SCRIPT ERROR: Compile Error: Failed to compile depended scripts.
          at: GDScript::reload (res://scripts/arena/hazard_marker.gd:0)
ERROR: Failed to load script "res://scripts/arena/hazard_marker.gd" with error "Compilation failed".
   at: load (modules/gdscript/gdscript_resource_format.cpp:46)
===== res://scripts/arena/hazard_mode_layout.gd
Godot Engine v4.7.2.stable.official.ed1daf0bf - https://godotengine.org

SCRIPT ERROR: Compile Error: Identifier not found: AudioManager
          at: GDScript::reload (res://scripts/enemies/enemy_audio.gd:65)
SCRIPT ERROR: Compile Error: Identifier not found: AudioManager
          at: GDScript::reload (res://scripts/enemies/boss_controller.gd:151)
SCRIPT ERROR: Compile Error: Identifier not found: EventBus
          at: GDScript::reload (res://scripts/visuals/effect_director.gd:148)
SCRIPT ERROR: Compile Error: Failed to compile depended scripts.
          at: GDScript::reload (res://scripts/enemies/enemy_base.gd:0)
SCRIPT ERROR: Compile Error: Failed to compile depended scripts.
          at: GDScript::reload (res://scripts/status/status_effect.gd:0)
SCRIPT ERROR: Compile Error: Identifier not found: EventBus
          at: GDScript::reload (res://scripts/core/content_registry.gd:38)
SCRIPT ERROR: Compile Error: Identifier not found: ContentRegistry
          at: GDScript::reload (res://scripts/player/progression_component.gd:115)
SCRIPT ERROR: Compile Error: Failed to compile depended scripts.
          at: GDScript::reload (res://scripts/status/status_manager.gd:0)
SCRIPT ERROR: Compile Error: Failed to compile depended scripts.
          at: GDScript::reload (res://scripts/combat/damageable.gd:0)
SCRIPT ERROR: Compile Error: Failed to compile depended scripts.
          at: GDScript::reload (res://scripts/combat/area_damage.gd:0)
SCRIPT ERROR: Compile Error: Failed to compile depended scripts.
          at: GDScript::reload (res://scripts/arena/hazard_config.gd:0)
SCRIPT ERROR: Compile Error: Failed to compile depended scripts.
          at: GDScript::reload (res://scripts/arena/hazard_placement.gd:0)
SCRIPT ERROR: Compile Error: Identifier not found: ContentRegistry
          at: GDScript::reload (res://scripts/meta/game_mode.gd:64)
SCRIPT ERROR: Compile Error: Failed to compile depended scripts.
          at: GDScript::reload (res://scripts/arena/hazard_mode_layout.gd:0)
ERROR: Failed to load script "res://scripts/arena/hazard_mode_layout.gd" with error "Compilation failed".
   at: load (modules/gdscript/gdscript_resource_format.cpp:46)
===== res://scripts/arena/hazard_placement.gd
Godot Engine v4.7.2.stable.official.ed1daf0bf - https://godotengine.org

SCRIPT ERROR: Compile Error: Identifier not found: AudioManager
          at: GDScript::reload (res://scripts/enemies/enemy_audio.gd:65)
SCRIPT ERROR: Compile Error: Identifier not found: AudioManager
          at: GDScript::reload (res://scripts/enemies/boss_controller.gd:151)
SCRIPT ERROR: Compile Error: Identifier not found: EventBus
          at: GDScript::reload (res://scripts/visuals/effect_director.gd:148)
SCRIPT ERROR: Compile Error: Failed to compile depended scripts.
          at: GDScript::reload (res://scripts/enemies/enemy_base.gd:0)
SCRIPT ERROR: Compile Error: Failed to compile depended scripts.
          at: GDScript::reload (res://scripts/status/status_effect.gd:0)
SCRIPT ERROR: Compile Error: Identifier not found: EventBus
          at: GDScript::reload (res://scripts/core/content_registry.gd:38)
SCRIPT ERROR: Compile Error: Identifier not found: ContentRegistry
          at: GDScript::reload (res://scripts/player/progression_component.gd:115)
SCRIPT ERROR: Compile Error: Failed to compile depended scripts.
          at: GDScript::reload (res://scripts/status/status_manager.gd:0)
SCRIPT ERROR: Compile Error: Failed to compile depended scripts.
          at: GDScript::reload (res://scripts/combat/damageable.gd:0)
SCRIPT ERROR: Compile Error: Failed to compile depended scripts.
          at: GDScript::reload (res://scripts/combat/area_damage.gd:0)
SCRIPT ERROR: Compile Error: Failed to compile depended scripts.
          at: GDScript::reload (res://scripts/arena/hazard_config.gd:0)
SCRIPT ERROR: Compile Error: Failed to compile depended scripts.
          at: GDScript::reload (res://scripts/arena/hazard_placement.gd:0)
ERROR: Failed to load script "res://scripts/arena/hazard_placement.gd" with error "Compilation failed".
   at: load (modules/gdscript/gdscript_resource_format.cpp:46)
===== res://scripts/arena/torch_flicker.gd
Godot Engine v4.7.2.stable.official.ed1daf0bf - https://godotengine.org

===== res://scripts/audio/audio_asset_integrator.gd
Godot Engine v4.7.2.stable.official.ed1daf0bf - https://godotengine.org

SCRIPT ERROR: Compile Error: Identifier not found: AudioManager
          at: GDScript::reload (res://scripts/audio/audio_asset_integrator.gd:48)
ERROR: Failed to load script "res://scripts/audio/audio_asset_integrator.gd" with error "Compilation failed".
   at: load (modules/gdscript/gdscript_resource_format.cpp:46)
===== res://scripts/audio/audio_config.gd
Godot Engine v4.7.2.stable.official.ed1daf0bf - https://godotengine.org

===== res://scripts/audio/audio_manager.gd
Godot Engine v4.7.2.stable.official.ed1daf0bf - https://godotengine.org

SCRIPT ERROR: Compile Error: Identifier not found: EventBus
          at: GDScript::reload (res://scripts/audio/audio_manager.gd:85)
ERROR: Failed to load script "res://scripts/audio/audio_manager.gd" with error "Compilation failed".
   at: load (modules/gdscript/gdscript_resource_format.cpp:46)
===== res://scripts/audio/mix_snapshot.gd
Godot Engine v4.7.2.stable.official.ed1daf0bf - https://godotengine.org

===== res://scripts/audio/music_manager.gd
Godot Engine v4.7.2.stable.official.ed1daf0bf - https://godotengine.org

SCRIPT ERROR: Compile Error: Identifier not found: EventBus
          at: GDScript::reload (res://scripts/audio/music_manager.gd:157)
ERROR: Failed to load script "res://scripts/audio/music_manager.gd" with error "Compilation failed".
   at: load (modules/gdscript/gdscript_resource_format.cpp:46)
===== res://scripts/audio/procedural_sfx.gd
Godot Engine v4.7.2.stable.official.ed1daf0bf - https://godotengine.org

SCRIPT ERROR: Compile Error: Identifier not found: AudioManager
          at: GDScript::reload (res://scripts/audio/procedural_sfx.gd:44)
ERROR: Failed to load script "res://scripts/audio/procedural_sfx.gd" with error "Compilation failed".
   at: load (modules/gdscript/gdscript_resource_format.cpp:46)
===== res://scripts/audio/sfx_policy.gd
Godot Engine v4.7.2.stable.official.ed1daf0bf - https://godotengine.org

===== res://scripts/audio/spatial_attenuation.gd
Godot Engine v4.7.2.stable.official.ed1daf0bf - https://godotengine.org

===== res://scripts/audio/spatial_voice_pool.gd
Godot Engine v4.7.2.stable.official.ed1daf0bf - https://godotengine.org

===== res://scripts/audio/voice_bank.gd
Godot Engine v4.7.2.stable.official.ed1daf0bf - https://godotengine.org

===== res://scripts/campaign/campaign_armory.gd
Godot Engine v4.7.2.stable.official.ed1daf0bf - https://godotengine.org

SCRIPT ERROR: Compile Error: Identifier not found: EventBus
          at: GDScript::reload (res://scripts/campaign/campaign_armory.gd:19)
ERROR: Failed to load script "res://scripts/campaign/campaign_armory.gd" with error "Compilation failed".
   at: load (modules/gdscript/gdscript_resource_format.cpp:46)
===== res://scripts/campaign/campaign_definition.gd
Godot Engine v4.7.2.stable.official.ed1daf0bf - https://godotengine.org

===== res://scripts/campaign/campaign_director.gd
Godot Engine v4.7.2.stable.official.ed1daf0bf - https://godotengine.org

SCRIPT ERROR: Compile Error: Identifier not found: SaveManager
          at: GDScript::reload (res://scripts/campaign/campaign_director.gd:32)
ERROR: Failed to load script "res://scripts/campaign/campaign_director.gd" with error "Compilation failed".
   at: load (modules/gdscript/gdscript_resource_format.cpp:46)
===== res://scripts/campaign/campaign_encounters.gd
Godot Engine v4.7.2.stable.official.ed1daf0bf - https://godotengine.org

SCRIPT ERROR: Compile Error: Identifier not found: EventBus
          at: GDScript::reload (res://scripts/core/content_registry.gd:38)
SCRIPT ERROR: Compile Error: Identifier not found: ContentRegistry
          at: GDScript::reload (res://scripts/player/progression_component.gd:115)
SCRIPT ERROR: Compile Error: Failed to compile depended scripts.
          at: GDScript::reload (res://scripts/status/status_manager.gd:0)
SCRIPT ERROR: Compile Error: Failed to compile depended scripts.
          at: GDScript::reload (res://scripts/combat/damageable.gd:0)
SCRIPT ERROR: Compile Error: Identifier not found: AudioManager
          at: GDScript::reload (res://scripts/enemies/enemy_audio.gd:65)
SCRIPT ERROR: Compile Error: Identifier not found: AudioManager
          at: GDScript::reload (res://scripts/enemies/boss_controller.gd:151)
SCRIPT ERROR: Compile Error: Identifier not found: EventBus
          at: GDScript::reload (res://scripts/visuals/effect_director.gd:148)
SCRIPT ERROR: Compile Error: Failed to compile depended scripts.
          at: GDScript::reload (res://scripts/enemies/enemy_base.gd:0)
ERROR: Failed to load script "res://scripts/enemies/enemy_base.gd" with error "Compilation failed".
   at: load (modules/gdscript/gdscript_resource_format.cpp:46)
SCRIPT ERROR: Compile Error: Identifier not found: EventBus
          at: GDScript::reload (res://scripts/enemies/enemy_animator.gd:67)
ERROR: Failed to load script "res://scripts/enemies/enemy_animator.gd" with error "Compilation failed".
   at: load (modules/gdscript/gdscript_resource_format.cpp:46)
SCRIPT ERROR: Compile Error: Identifier not found: EventBus
          at: GDScript::reload (res://scripts/campaign/campaign_encounters.gd:31)
ERROR: Failed to load script "res://scripts/campaign/campaign_encounters.gd" with error "Compilation failed".
   at: load (modules/gdscript/gdscript_resource_format.cpp:46)
===== res://scripts/campaign/campaign_game.gd
Godot Engine v4.7.2.stable.official.ed1daf0bf - https://godotengine.org

SCRIPT ERROR: Compile Error: Identifier not found: EventBus
          at: GDScript::reload (res://scripts/player/player.gd:110)
ERROR: Failed to load script "res://scripts/player/player.gd" with error "Compilation failed".
   at: load (modules/gdscript/gdscript_resource_format.cpp:46)
SCRIPT ERROR: Compile Error: Identifier not found: EventBus
          at: GDScript::reload (res://scripts/weapons/weapon_manager.gd:105)
SCRIPT ERROR: Compile Error: Identifier not found: AudioManager
          at: GDScript::reload (res://scripts/enemies/enemy_audio.gd:65)
SCRIPT ERROR: Compile Error: Identifier not found: AudioManager
          at: GDScript::reload (res://scripts/enemies/boss_controller.gd:151)
SCRIPT ERROR: Compile Error: Identifier not found: EventBus
          at: GDScript::reload (res://scripts/visuals/effect_director.gd:148)
SCRIPT ERROR: Compile Error: Failed to compile depended scripts.
          at: GDScript::reload (res://scripts/enemies/enemy_base.gd:0)
SCRIPT ERROR: Compile Error: Failed to compile depended scripts.
          at: GDScript::reload (res://scripts/status/status_effect.gd:0)
SCRIPT ERROR: Compile Error: Identifier not found: EventBus
          at: GDScript::reload (res://scripts/core/content_registry.gd:38)
SCRIPT ERROR: Compile Error: Identifier not found: ContentRegistry
          at: GDScript::reload (res://scripts/player/progression_component.gd:115)
SCRIPT ERROR: Compile Error: Failed to compile depended scripts.
          at: GDScript::reload (res://scripts/status/status_manager.gd:0)
SCRIPT ERROR: Compile Error: Failed to compile depended scripts.
          at: GDScript::reload (res://scripts/combat/damageable.gd:0)
SCRIPT ERROR: Compile Error: Failed to compile depended scripts.
          at: GDScript::reload (res://scripts/weapons/ranged_resolver.gd:0)
SCRIPT ERROR: Compile Error: Failed to compile depended scripts.
          at: GDScript::reload (res://scripts/weapons/weapon_instance.gd:0)
SCRIPT ERROR: Compile Error: Failed to compile depended scripts.
          at: GDScript::reload (res://scripts/player/character_controller.gd:0)
ERROR: Failed to load script "res://scripts/player/character_controller.gd" with error "Compilation failed".
   at: load (modules/gdscript/gdscript_resource_format.cpp:46)
SCRIPT ERROR: Compile Error: Identifier not found: SaveManager
          at: GDScript::reload (res://scripts/player/targeting_component.gd:29)
ERROR: Failed to load script "res://scripts/player/targeting_component.gd" with error "Compilation failed".
   at: load (modules/gdscript/gdscript_resource_format.cpp:46)
SCRIPT ERROR: Compile Error: Identifier not found: AudioManager
          at: GDScript::reload (res://scripts/player/player_feedback.gd:91)
ERROR: Failed to load script "res://scripts/player/player_feedback.gd" with error "Compilation failed".
   at: load (modules/gdscript/gdscript_resource_format.cpp:46)
SCRIPT ERROR: Compile Error: Identifier not found: EventBus
          at: GDScript::reload (res://scripts/player/player_audio.gd:31)
ERROR: Failed to load script "res://scripts/player/player_audio.gd" with error "Compilation failed".
   at: load (modules/gdscript/gdscript_resource_format.cpp:46)
SCRIPT ERROR: Compile Error: Identifier not found: EventBus
          at: GDScript::reload (res://scripts/player/stamina_component.gd:76)
ERROR: Failed to load script "res://scripts/player/stamina_component.gd" with error "Compilation failed".
   at: load (modules/gdscript/gdscript_resource_format.cpp:46)
SCRIPT ERROR: Compile Error: Identifier not found: EventBus
          at: GDScript::reload (res://scripts/player/experience_component.gd:127)
ERROR: Failed to load script "res://scripts/player/experience_component.gd" with error "Compilation failed".
   at: load (modules/gdscript/gdscript_resource_format.cpp:46)
SCRIPT ERROR: Compile Error: Identifier not found: ContentRegistry
          at: GDScript::reload (res://scripts/skills/skill_controller.gd:85)
ERROR: Failed to load script "res://scripts/skills/skill_controller.gd" with error "Compilation failed".
   at: load (modules/gdscript/gdscript_resource_format.cpp:46)
SCRIPT ERROR: Compile Error: Identifier not found: EventBus
          at: GDScript::reload (res://scripts/visuals/visual_mount.gd:23)
ERROR: Failed to load script "res://scripts/visuals/visual_mount.gd" with error "Compilation failed".
   at: load (modules/gdscript/gdscript_resource_format.cpp:46)
SCRIPT ERROR: Compile Error: Identifier not found: EventBus
          at: GDScript::reload (res://scripts/player/player_animation.gd:138)
ERROR: Failed to load script "res://scripts/player/player_animation.gd" with error "Compilation failed".
   at: load (modules/gdscript/gdscript_resource_format.cpp:46)
SCRIPT ERROR: Compile Error: Identifier not found: EventBus
          at: GDScript::reload (res://scripts/player/player_equipment.gd:23)
ERROR: Failed to load script "res://scripts/player/player_equipment.gd" with error "Compilation failed".
   at: load (modules/gdscript/gdscript_resource_format.cpp:46)
SCRIPT ERROR: Compile Error: Identifier not found: ContentRegistry
          at: GDScript::reload (res://scripts/main/camera_rig.gd:80)
ERROR: Failed to load script "res://scripts/main/camera_rig.gd" with error "Compilation failed".
   at: load (modules/gdscript/gdscript_resource_format.cpp:46)
SCRIPT ERROR: Compile Error: Identifier not found: GameRoot
          at: GDScript::reload (res://scripts/campaign/campaign_game.gd:20)
ERROR: Failed to load script "res://scripts/campaign/campaign_game.gd" with error "Compilation failed".
   at: load (modules/gdscript/gdscript_resource_format.cpp:46)
===== res://scripts/campaign/campaign_geometry.gd
Godot Engine v4.7.2.stable.official.ed1daf0bf - https://godotengine.org

===== res://scripts/campaign/campaign_hud.gd
Godot Engine v4.7.2.stable.official.ed1daf0bf - https://godotengine.org

SCRIPT ERROR: Compile Error: Identifier not found: GameRoot
          at: GDScript::reload (res://scripts/campaign/campaign_hud.gd:50)
ERROR: Failed to load script "res://scripts/campaign/campaign_hud.gd" with error "Compilation failed".
   at: load (modules/gdscript/gdscript_resource_format.cpp:46)
===== res://scripts/campaign/campaign_map.gd
Godot Engine v4.7.2.stable.official.ed1daf0bf - https://godotengine.org

SCRIPT ERROR: Compile Error: Identifier not found: SaveManager
          at: GDScript::reload (res://scripts/campaign/campaign_director.gd:32)
SCRIPT ERROR: Compile Error: Identifier not found: EventBus
          at: GDScript::reload (res://scripts/player/player.gd:110)
SCRIPT ERROR: Compile Error: Failed to compile depended scripts.
          at: GDScript::reload (res://scripts/campaign/campaign_map.gd:0)
ERROR: Failed to load script "res://scripts/campaign/campaign_map.gd" with error "Compilation failed".
   at: load (modules/gdscript/gdscript_resource_format.cpp:46)
===== res://scripts/campaign/campaign_progress.gd
Godot Engine v4.7.2.stable.official.ed1daf0bf - https://godotengine.org

===== res://scripts/campaign/campaign_ui.gd
Godot Engine v4.7.2.stable.official.ed1daf0bf - https://godotengine.org

SCRIPT ERROR: Compile Error: Identifier not found: GameRoot
          at: GDScript::reload (res://scripts/campaign/campaign_ui.gd:53)
ERROR: Failed to load script "res://scripts/campaign/campaign_ui.gd" with error "Compilation failed".
   at: load (modules/gdscript/gdscript_resource_format.cpp:46)
===== res://scripts/campaign/campaign_world.gd
Godot Engine v4.7.2.stable.official.ed1daf0bf - https://godotengine.org

===== res://scripts/combat/area_damage.gd
Godot Engine v4.7.2.stable.official.ed1daf0bf - https://godotengine.org

SCRIPT ERROR: Compile Error: Identifier not found: AudioManager
          at: GDScript::reload (res://scripts/enemies/enemy_audio.gd:65)
SCRIPT ERROR: Compile Error: Identifier not found: AudioManager
          at: GDScript::reload (res://scripts/enemies/boss_controller.gd:151)
SCRIPT ERROR: Compile Error: Identifier not found: EventBus
          at: GDScript::reload (res://scripts/visuals/effect_director.gd:148)
SCRIPT ERROR: Compile Error: Failed to compile depended scripts.
          at: GDScript::reload (res://scripts/enemies/enemy_base.gd:0)
SCRIPT ERROR: Compile Error: Failed to compile depended scripts.
          at: GDScript::reload (res://scripts/status/status_effect.gd:0)
SCRIPT ERROR: Compile Error: Identifier not found: EventBus
          at: GDScript::reload (res://scripts/core/content_registry.gd:38)
SCRIPT ERROR: Compile Error: Identifier not found: ContentRegistry
          at: GDScript::reload (res://scripts/player/progression_component.gd:115)
SCRIPT ERROR: Compile Error: Failed to compile depended scripts.
          at: GDScript::reload (res://scripts/status/status_manager.gd:0)
SCRIPT ERROR: Compile Error: Failed to compile depended scripts.
          at: GDScript::reload (res://scripts/combat/damageable.gd:0)
SCRIPT ERROR: Compile Error: Failed to compile depended scripts.
          at: GDScript::reload (res://scripts/combat/area_damage.gd:0)
ERROR: Failed to load script "res://scripts/combat/area_damage.gd" with error "Compilation failed".
   at: load (modules/gdscript/gdscript_resource_format.cpp:46)
===== res://scripts/combat/combat_log.gd
Godot Engine v4.7.2.stable.official.ed1daf0bf - https://godotengine.org

===== res://scripts/combat/combat_query.gd
Godot Engine v4.7.2.stable.official.ed1daf0bf - https://godotengine.org

SCRIPT ERROR: Compile Error: Identifier not found: AudioManager
          at: GDScript::reload (res://scripts/enemies/enemy_audio.gd:65)
SCRIPT ERROR: Compile Error: Identifier not found: AudioManager
          at: GDScript::reload (res://scripts/enemies/boss_controller.gd:151)
SCRIPT ERROR: Compile Error: Identifier not found: EventBus
          at: GDScript::reload (res://scripts/visuals/effect_director.gd:148)
SCRIPT ERROR: Compile Error: Failed to compile depended scripts.
          at: GDScript::reload (res://scripts/enemies/enemy_base.gd:0)
SCRIPT ERROR: Compile Error: Failed to compile depended scripts.
          at: GDScript::reload (res://scripts/status/status_effect.gd:0)
SCRIPT ERROR: Compile Error: Identifier not found: EventBus
          at: GDScript::reload (res://scripts/core/content_registry.gd:38)
SCRIPT ERROR: Compile Error: Identifier not found: ContentRegistry
          at: GDScript::reload (res://scripts/player/progression_component.gd:115)
SCRIPT ERROR: Compile Error: Failed to compile depended scripts.
          at: GDScript::reload (res://scripts/status/status_manager.gd:0)
SCRIPT ERROR: Compile Error: Failed to compile depended scripts.
          at: GDScript::reload (res://scripts/combat/damageable.gd:0)
SCRIPT ERROR: Compile Error: Failed to compile depended scripts.
          at: GDScript::reload (res://scripts/combat/combat_query.gd:0)
ERROR: Failed to load script "res://scripts/combat/combat_query.gd" with error "Compilation failed".
   at: load (modules/gdscript/gdscript_resource_format.cpp:46)
===== res://scripts/combat/critical_system.gd
Godot Engine v4.7.2.stable.official.ed1daf0bf - https://godotengine.org

===== res://scripts/combat/damage_payload.gd
Godot Engine v4.7.2.stable.official.ed1daf0bf - https://godotengine.org

===== res://scripts/combat/damage_result.gd
Godot Engine v4.7.2.stable.official.ed1daf0bf - https://godotengine.org

===== res://scripts/combat/damageable.gd
Godot Engine v4.7.2.stable.official.ed1daf0bf - https://godotengine.org

SCRIPT ERROR: Compile Error: Identifier not found: AudioManager
          at: GDScript::reload (res://scripts/enemies/enemy_audio.gd:65)
SCRIPT ERROR: Compile Error: Identifier not found: AudioManager
          at: GDScript::reload (res://scripts/enemies/boss_controller.gd:151)
SCRIPT ERROR: Compile Error: Identifier not found: EventBus
          at: GDScript::reload (res://scripts/visuals/effect_director.gd:148)
SCRIPT ERROR: Compile Error: Failed to compile depended scripts.
          at: GDScript::reload (res://scripts/enemies/enemy_base.gd:0)
SCRIPT ERROR: Compile Error: Failed to compile depended scripts.
          at: GDScript::reload (res://scripts/status/status_effect.gd:0)
SCRIPT ERROR: Compile Error: Identifier not found: EventBus
          at: GDScript::reload (res://scripts/core/content_registry.gd:38)
SCRIPT ERROR: Compile Error: Identifier not found: ContentRegistry
          at: GDScript::reload (res://scripts/player/progression_component.gd:115)
SCRIPT ERROR: Compile Error: Failed to compile depended scripts.
          at: GDScript::reload (res://scripts/status/status_manager.gd:0)
SCRIPT ERROR: Compile Error: Failed to compile depended scripts.
          at: GDScript::reload (res://scripts/combat/damageable.gd:0)
ERROR: Failed to load script "res://scripts/combat/damageable.gd" with error "Compilation failed".
   at: load (modules/gdscript/gdscript_resource_format.cpp:46)
===== res://scripts/combat/hitstop_manager.gd
Godot Engine v4.7.2.stable.official.ed1daf0bf - https://godotengine.org

===== res://scripts/core/collision_layers.gd
Godot Engine v4.7.2.stable.official.ed1daf0bf - https://godotengine.org

===== res://scripts/core/content_loader.gd
Godot Engine v4.7.2.stable.official.ed1daf0bf - https://godotengine.org

SCRIPT ERROR: Compile Error: Identifier not found: AudioManager
          at: GDScript::reload (res://scripts/enemies/enemy_audio.gd:65)
SCRIPT ERROR: Compile Error: Identifier not found: AudioManager
          at: GDScript::reload (res://scripts/enemies/boss_controller.gd:151)
SCRIPT ERROR: Compile Error: Identifier not found: EventBus
          at: GDScript::reload (res://scripts/visuals/effect_director.gd:148)
SCRIPT ERROR: Compile Error: Failed to compile depended scripts.
          at: GDScript::reload (res://scripts/enemies/enemy_base.gd:0)
SCRIPT ERROR: Compile Error: Failed to compile depended scripts.
          at: GDScript::reload (res://scripts/status/status_effect.gd:0)
SCRIPT ERROR: Compile Error: Identifier not found: EventBus
          at: GDScript::reload (res://scripts/core/content_registry.gd:38)
SCRIPT ERROR: Compile Error: Identifier not found: ContentRegistry
          at: GDScript::reload (res://scripts/player/progression_component.gd:115)
SCRIPT ERROR: Compile Error: Failed to compile depended scripts.
          at: GDScript::reload (res://scripts/status/status_manager.gd:0)
SCRIPT ERROR: Compile Error: Failed to compile depended scripts.
          at: GDScript::reload (res://scripts/combat/damageable.gd:0)
SCRIPT ERROR: Compile Error: Failed to compile depended scripts.
          at: GDScript::reload (res://scripts/combat/area_damage.gd:0)
SCRIPT ERROR: Compile Error: Failed to compile depended scripts.
          at: GDScript::reload (res://scripts/arena/hazard_config.gd:0)
SCRIPT ERROR: Compile Error: Failed to compile depended scripts.
          at: GDScript::reload (res://scripts/arena/hazard_placement.gd:0)
SCRIPT ERROR: Compile Error: Failed to compile depended scripts.
          at: GDScript::reload (res://scripts/arena/arena_config.gd:0)
SCRIPT ERROR: Compile Error: Identifier not found: ContentRegistry
          at: GDScript::reload (res://scripts/meta/game_mode.gd:64)
SCRIPT ERROR: Compile Error: Failed to compile depended scripts.
          at: GDScript::reload (res://scripts/arena/hazard_mode_layout.gd:0)
SCRIPT ERROR: Compile Error: Failed to compile depended scripts.
          at: GDScript::reload (res://scripts/core/content_loader.gd:0)
ERROR: Failed to load script "res://scripts/core/content_loader.gd" with error "Compilation failed".
   at: load (modules/gdscript/gdscript_resource_format.cpp:46)
===== res://scripts/core/content_registry.gd
Godot Engine v4.7.2.stable.official.ed1daf0bf - https://godotengine.org

SCRIPT ERROR: Compile Error: Identifier not found: EventBus
          at: GDScript::reload (res://scripts/core/content_registry.gd:38)
ERROR: Failed to load script "res://scripts/core/content_registry.gd" with error "Compilation failed".
   at: load (modules/gdscript/gdscript_resource_format.cpp:46)
===== res://scripts/core/event_bindings.gd
Godot Engine v4.7.2.stable.official.ed1daf0bf - https://godotengine.org

===== res://scripts/core/event_bus.gd
Godot Engine v4.7.2.stable.official.ed1daf0bf - https://godotengine.org

===== res://scripts/core/game_root.gd
Godot Engine v4.7.2.stable.official.ed1daf0bf - https://godotengine.org

SCRIPT ERROR: Compile Error: Identifier not found: SaveManager
          at: GDScript::reload (res://scripts/core/game_root.gd:64)
ERROR: Failed to load script "res://scripts/core/game_root.gd" with error "Compilation failed".
   at: load (modules/gdscript/gdscript_resource_format.cpp:46)
===== res://scripts/core/run_analytics.gd
Godot Engine v4.7.2.stable.official.ed1daf0bf - https://godotengine.org

SCRIPT ERROR: Compile Error: Identifier not found: EventBus
          at: GDScript::reload (res://scripts/core/run_analytics.gd:19)
ERROR: Failed to load script "res://scripts/core/run_analytics.gd" with error "Compilation failed".
   at: load (modules/gdscript/gdscript_resource_format.cpp:46)
===== res://scripts/core/run_isolation.gd
Godot Engine v4.7.2.stable.official.ed1daf0bf - https://godotengine.org

SCRIPT ERROR: Compile Error: Identifier not found: AudioManager
          at: GDScript::reload (res://scripts/enemies/enemy_audio.gd:65)
SCRIPT ERROR: Compile Error: Identifier not found: AudioManager
          at: GDScript::reload (res://scripts/enemies/boss_controller.gd:151)
SCRIPT ERROR: Compile Error: Identifier not found: EventBus
          at: GDScript::reload (res://scripts/visuals/effect_director.gd:148)
SCRIPT ERROR: Compile Error: Failed to compile depended scripts.
          at: GDScript::reload (res://scripts/enemies/enemy_base.gd:0)
SCRIPT ERROR: Compile Error: Failed to compile depended scripts.
          at: GDScript::reload (res://scripts/status/status_effect.gd:0)
SCRIPT ERROR: Compile Error: Identifier not found: EventBus
          at: GDScript::reload (res://scripts/core/content_registry.gd:38)
SCRIPT ERROR: Compile Error: Identifier not found: ContentRegistry
          at: GDScript::reload (res://scripts/player/progression_component.gd:115)
SCRIPT ERROR: Compile Error: Failed to compile depended scripts.
          at: GDScript::reload (res://scripts/status/status_manager.gd:0)
SCRIPT ERROR: Compile Error: Failed to compile depended scripts.
          at: GDScript::reload (res://scripts/combat/damageable.gd:0)
SCRIPT ERROR: Compile Error: Failed to compile depended scripts.
          at: GDScript::reload (res://scripts/weapons/projectile.gd:0)
SCRIPT ERROR: Compile Error: Failed to compile depended scripts.
          at: GDScript::reload (res://scripts/weapons/projectile_pool.gd:0)
SCRIPT ERROR: Compile Error: Identifier not found: EventBus
          at: GDScript::reload (res://scripts/pickups/pickup_manager.gd:47)
SCRIPT ERROR: Compile Error: Identifier not found: EventBus
          at: GDScript::reload (res://scripts/meta/objective_director.gd:76)
SCRIPT ERROR: Compile Error: Identifier not found: EventBus
          at: GDScript::reload (res://scripts/player/player.gd:110)
SCRIPT ERROR: Compile Error: Failed to compile depended scripts.
          at: GDScript::reload (res://scripts/core/run_isolation.gd:0)
ERROR: Failed to load script "res://scripts/core/run_isolation.gd" with error "Compilation failed".
   at: load (modules/gdscript/gdscript_resource_format.cpp:46)
===== res://scripts/core/run_scorekeeper.gd
Godot Engine v4.7.2.stable.official.ed1daf0bf - https://godotengine.org

SCRIPT ERROR: Compile Error: Identifier not found: EventBus
          at: GDScript::reload (res://scripts/core/run_scorekeeper.gd:54)
ERROR: Failed to load script "res://scripts/core/run_scorekeeper.gd" with error "Compilation failed".
   at: load (modules/gdscript/gdscript_resource_format.cpp:46)
===== res://scripts/core/run_state.gd
Godot Engine v4.7.2.stable.official.ed1daf0bf - https://godotengine.org

===== res://scripts/core/scene_router.gd
Godot Engine v4.7.2.stable.official.ed1daf0bf - https://godotengine.org

SCRIPT ERROR: Compile Error: Identifier not found: EventBus
          at: GDScript::reload (res://scripts/core/scene_router.gd:24)
ERROR: Failed to load script "res://scripts/core/scene_router.gd" with error "Compilation failed".
   at: load (modules/gdscript/gdscript_resource_format.cpp:46)
===== res://scripts/core/test_harness.gd
Godot Engine v4.7.2.stable.official.ed1daf0bf - https://godotengine.org

SCRIPT ERROR: Compile Error: Identifier not found: ContentRegistry
          at: GDScript::reload (res://scripts/core/test_harness.gd:25)
ERROR: Failed to load script "res://scripts/core/test_harness.gd" with error "Compilation failed".
   at: load (modules/gdscript/gdscript_resource_format.cpp:46)
===== res://scripts/core/upgrade_service.gd
Godot Engine v4.7.2.stable.official.ed1daf0bf - https://godotengine.org

SCRIPT ERROR: Compile Error: Identifier not found: ContentRegistry
          at: GDScript::reload (res://scripts/core/upgrade_service.gd:17)
ERROR: Failed to load script "res://scripts/core/upgrade_service.gd" with error "Compilation failed".
   at: load (modules/gdscript/gdscript_resource_format.cpp:46)
===== res://scripts/core/validated_config.gd
Godot Engine v4.7.2.stable.official.ed1daf0bf - https://godotengine.org

===== res://scripts/debug/debug_error_handler.gd
Godot Engine v4.7.2.stable.official.ed1daf0bf - https://godotengine.org

SCRIPT ERROR: Compile Error: Identifier not found: EventBus
          at: GDScript::reload (res://scripts/debug/debug_error_handler.gd:81)
ERROR: Failed to load script "res://scripts/debug/debug_error_handler.gd" with error "Compilation failed".
   at: load (modules/gdscript/gdscript_resource_format.cpp:46)
===== res://scripts/debug/debug_error_overlay.gd
Godot Engine v4.7.2.stable.official.ed1daf0bf - https://godotengine.org

SCRIPT ERROR: Compile Error: Identifier not found: AudioManager
          at: GDScript::reload (res://scripts/ui/ui_factory.gd:117)
SCRIPT ERROR: Compile Error: Failed to compile depended scripts.
          at: GDScript::reload (res://scripts/debug/debug_error_overlay.gd:0)
ERROR: Failed to load script "res://scripts/debug/debug_error_overlay.gd" with error "Compilation failed".
   at: load (modules/gdscript/gdscript_resource_format.cpp:46)
===== res://scripts/debug/debug_log_buffer.gd
Godot Engine v4.7.2.stable.official.ed1daf0bf - https://godotengine.org

===== res://scripts/debug/debug_mode_toggle.gd
Godot Engine v4.7.2.stable.official.ed1daf0bf - https://godotengine.org

SCRIPT ERROR: Compile Error: Identifier not found: DebugErrorHandler
          at: GDScript::reload (res://scripts/debug/debug_mode_toggle.gd:13)
ERROR: Failed to load script "res://scripts/debug/debug_mode_toggle.gd" with error "Compilation failed".
   at: load (modules/gdscript/gdscript_resource_format.cpp:46)
===== res://scripts/debug/error_report.gd
Godot Engine v4.7.2.stable.official.ed1daf0bf - https://godotengine.org

===== res://scripts/enemies/boss_controller.gd
Godot Engine v4.7.2.stable.official.ed1daf0bf - https://godotengine.org

SCRIPT ERROR: Compile Error: Identifier not found: AudioManager
          at: GDScript::reload (res://scripts/enemies/boss_controller.gd:151)
ERROR: Failed to load script "res://scripts/enemies/boss_controller.gd" with error "Compilation failed".
   at: load (modules/gdscript/gdscript_resource_format.cpp:46)
===== res://scripts/enemies/boss_phase_config.gd
Godot Engine v4.7.2.stable.official.ed1daf0bf - https://godotengine.org

===== res://scripts/enemies/enemy_animator.gd
Godot Engine v4.7.2.stable.official.ed1daf0bf - https://godotengine.org

SCRIPT ERROR: Compile Error: Identifier not found: EventBus
          at: GDScript::reload (res://scripts/enemies/enemy_animator.gd:67)
ERROR: Failed to load script "res://scripts/enemies/enemy_animator.gd" with error "Compilation failed".
   at: load (modules/gdscript/gdscript_resource_format.cpp:46)
===== res://scripts/enemies/enemy_attack_state.gd
Godot Engine v4.7.2.stable.official.ed1daf0bf - https://godotengine.org

SCRIPT ERROR: Compile Error: Identifier not found: EventBus
          at: GDScript::reload (res://scripts/core/content_registry.gd:38)
SCRIPT ERROR: Compile Error: Identifier not found: ContentRegistry
          at: GDScript::reload (res://scripts/player/progression_component.gd:115)
SCRIPT ERROR: Compile Error: Failed to compile depended scripts.
          at: GDScript::reload (res://scripts/status/status_manager.gd:0)
SCRIPT ERROR: Compile Error: Failed to compile depended scripts.
          at: GDScript::reload (res://scripts/combat/damageable.gd:0)
SCRIPT ERROR: Compile Error: Identifier not found: AudioManager
          at: GDScript::reload (res://scripts/enemies/enemy_audio.gd:65)
SCRIPT ERROR: Compile Error: Identifier not found: AudioManager
          at: GDScript::reload (res://scripts/enemies/boss_controller.gd:151)
SCRIPT ERROR: Compile Error: Identifier not found: EventBus
          at: GDScript::reload (res://scripts/visuals/effect_director.gd:148)
SCRIPT ERROR: Compile Error: Failed to compile depended scripts.
          at: GDScript::reload (res://scripts/enemies/enemy_base.gd:0)
SCRIPT ERROR: Compile Error: Failed to compile depended scripts.
          at: GDScript::reload (res://scripts/enemies/enemy_state.gd:0)
SCRIPT ERROR: Compile Error: Failed to compile depended scripts.
          at: GDScript::reload (res://scripts/enemies/enemy_attack_state.gd:0)
ERROR: Failed to load script "res://scripts/enemies/enemy_attack_state.gd" with error "Compilation failed".
   at: load (modules/gdscript/gdscript_resource_format.cpp:46)
===== res://scripts/enemies/enemy_audio.gd
Godot Engine v4.7.2.stable.official.ed1daf0bf - https://godotengine.org

SCRIPT ERROR: Compile Error: Identifier not found: AudioManager
          at: GDScript::reload (res://scripts/enemies/enemy_audio.gd:65)
ERROR: Failed to load script "res://scripts/enemies/enemy_audio.gd" with error "Compilation failed".
   at: load (modules/gdscript/gdscript_resource_format.cpp:46)
===== res://scripts/enemies/enemy_base.gd
Godot Engine v4.7.2.stable.official.ed1daf0bf - https://godotengine.org

SCRIPT ERROR: Compile Error: Identifier not found: EventBus
          at: GDScript::reload (res://scripts/core/content_registry.gd:38)
SCRIPT ERROR: Compile Error: Identifier not found: ContentRegistry
          at: GDScript::reload (res://scripts/player/progression_component.gd:115)
SCRIPT ERROR: Compile Error: Failed to compile depended scripts.
          at: GDScript::reload (res://scripts/status/status_manager.gd:0)
SCRIPT ERROR: Compile Error: Failed to compile depended scripts.
          at: GDScript::reload (res://scripts/combat/damageable.gd:0)
SCRIPT ERROR: Compile Error: Identifier not found: AudioManager
          at: GDScript::reload (res://scripts/enemies/enemy_audio.gd:65)
SCRIPT ERROR: Compile Error: Identifier not found: AudioManager
          at: GDScript::reload (res://scripts/enemies/boss_controller.gd:151)
SCRIPT ERROR: Compile Error: Identifier not found: EventBus
          at: GDScript::reload (res://scripts/visuals/effect_director.gd:148)
SCRIPT ERROR: Compile Error: Failed to compile depended scripts.
          at: GDScript::reload (res://scripts/enemies/enemy_base.gd:0)
ERROR: Failed to load script "res://scripts/enemies/enemy_base.gd" with error "Compilation failed".
   at: load (modules/gdscript/gdscript_resource_format.cpp:46)
===== res://scripts/enemies/enemy_chase_state.gd
Godot Engine v4.7.2.stable.official.ed1daf0bf - https://godotengine.org

SCRIPT ERROR: Compile Error: Identifier not found: EventBus
          at: GDScript::reload (res://scripts/core/content_registry.gd:38)
SCRIPT ERROR: Compile Error: Identifier not found: ContentRegistry
          at: GDScript::reload (res://scripts/player/progression_component.gd:115)
SCRIPT ERROR: Compile Error: Failed to compile depended scripts.
          at: GDScript::reload (res://scripts/status/status_manager.gd:0)
SCRIPT ERROR: Compile Error: Failed to compile depended scripts.
          at: GDScript::reload (res://scripts/combat/damageable.gd:0)
SCRIPT ERROR: Compile Error: Identifier not found: AudioManager
          at: GDScript::reload (res://scripts/enemies/enemy_audio.gd:65)
SCRIPT ERROR: Compile Error: Identifier not found: AudioManager
          at: GDScript::reload (res://scripts/enemies/boss_controller.gd:151)
SCRIPT ERROR: Compile Error: Identifier not found: EventBus
          at: GDScript::reload (res://scripts/visuals/effect_director.gd:148)
SCRIPT ERROR: Compile Error: Failed to compile depended scripts.
          at: GDScript::reload (res://scripts/enemies/enemy_base.gd:0)
SCRIPT ERROR: Compile Error: Failed to compile depended scripts.
          at: GDScript::reload (res://scripts/enemies/enemy_state.gd:0)
SCRIPT ERROR: Compile Error: Failed to compile depended scripts.
          at: GDScript::reload (res://scripts/enemies/enemy_chase_state.gd:0)
ERROR: Failed to load script "res://scripts/enemies/enemy_chase_state.gd" with error "Compilation failed".
   at: load (modules/gdscript/gdscript_resource_format.cpp:46)
===== res://scripts/enemies/enemy_clip_catalog.gd
Godot Engine v4.7.2.stable.official.ed1daf0bf - https://godotengine.org

===== res://scripts/enemies/enemy_config.gd
Godot Engine v4.7.2.stable.official.ed1daf0bf - https://godotengine.org

===== res://scripts/enemies/enemy_dash_state.gd
Godot Engine v4.7.2.stable.official.ed1daf0bf - https://godotengine.org

SCRIPT ERROR: Compile Error: Identifier not found: EventBus
          at: GDScript::reload (res://scripts/core/content_registry.gd:38)
SCRIPT ERROR: Compile Error: Identifier not found: ContentRegistry
          at: GDScript::reload (res://scripts/player/progression_component.gd:115)
SCRIPT ERROR: Compile Error: Failed to compile depended scripts.
          at: GDScript::reload (res://scripts/status/status_manager.gd:0)
SCRIPT ERROR: Compile Error: Failed to compile depended scripts.
          at: GDScript::reload (res://scripts/combat/damageable.gd:0)
SCRIPT ERROR: Compile Error: Identifier not found: AudioManager
          at: GDScript::reload (res://scripts/enemies/enemy_audio.gd:65)
SCRIPT ERROR: Compile Error: Identifier not found: AudioManager
          at: GDScript::reload (res://scripts/enemies/boss_controller.gd:151)
SCRIPT ERROR: Compile Error: Identifier not found: EventBus
          at: GDScript::reload (res://scripts/visuals/effect_director.gd:148)
SCRIPT ERROR: Compile Error: Failed to compile depended scripts.
          at: GDScript::reload (res://scripts/enemies/enemy_base.gd:0)
SCRIPT ERROR: Compile Error: Failed to compile depended scripts.
          at: GDScript::reload (res://scripts/enemies/enemy_state.gd:0)
SCRIPT ERROR: Compile Error: Failed to compile depended scripts.
          at: GDScript::reload (res://scripts/enemies/enemy_dash_state.gd:0)
ERROR: Failed to load script "res://scripts/enemies/enemy_dash_state.gd" with error "Compilation failed".
   at: load (modules/gdscript/gdscript_resource_format.cpp:46)
===== res://scripts/enemies/enemy_dead_state.gd
Godot Engine v4.7.2.stable.official.ed1daf0bf - https://godotengine.org

SCRIPT ERROR: Compile Error: Identifier not found: EventBus
          at: GDScript::reload (res://scripts/core/content_registry.gd:38)
SCRIPT ERROR: Compile Error: Identifier not found: ContentRegistry
          at: GDScript::reload (res://scripts/player/progression_component.gd:115)
SCRIPT ERROR: Compile Error: Failed to compile depended scripts.
          at: GDScript::reload (res://scripts/status/status_manager.gd:0)
SCRIPT ERROR: Compile Error: Failed to compile depended scripts.
          at: GDScript::reload (res://scripts/combat/damageable.gd:0)
SCRIPT ERROR: Compile Error: Identifier not found: AudioManager
          at: GDScript::reload (res://scripts/enemies/enemy_audio.gd:65)
SCRIPT ERROR: Compile Error: Identifier not found: AudioManager
          at: GDScript::reload (res://scripts/enemies/boss_controller.gd:151)
SCRIPT ERROR: Compile Error: Identifier not found: EventBus
          at: GDScript::reload (res://scripts/visuals/effect_director.gd:148)
SCRIPT ERROR: Compile Error: Failed to compile depended scripts.
          at: GDScript::reload (res://scripts/enemies/enemy_base.gd:0)
SCRIPT ERROR: Compile Error: Failed to compile depended scripts.
          at: GDScript::reload (res://scripts/enemies/enemy_state.gd:0)
SCRIPT ERROR: Compile Error: Failed to compile depended scripts.
          at: GDScript::reload (res://scripts/enemies/enemy_dead_state.gd:0)
ERROR: Failed to load script "res://scripts/enemies/enemy_dead_state.gd" with error "Compilation failed".
   at: load (modules/gdscript/gdscript_resource_format.cpp:46)
===== res://scripts/enemies/enemy_elite_affix.gd
Godot Engine v4.7.2.stable.official.ed1daf0bf - https://godotengine.org

===== res://scripts/enemies/enemy_feedback.gd
Godot Engine v4.7.2.stable.official.ed1daf0bf - https://godotengine.org

SCRIPT ERROR: Compile Error: Identifier not found: EventBus
          at: GDScript::reload (res://scripts/core/content_registry.gd:38)
SCRIPT ERROR: Compile Error: Identifier not found: ContentRegistry
          at: GDScript::reload (res://scripts/player/progression_component.gd:115)
SCRIPT ERROR: Compile Error: Failed to compile depended scripts.
          at: GDScript::reload (res://scripts/status/status_manager.gd:0)
SCRIPT ERROR: Compile Error: Failed to compile depended scripts.
          at: GDScript::reload (res://scripts/combat/damageable.gd:0)
SCRIPT ERROR: Compile Error: Identifier not found: AudioManager
          at: GDScript::reload (res://scripts/enemies/enemy_audio.gd:65)
SCRIPT ERROR: Compile Error: Identifier not found: AudioManager
          at: GDScript::reload (res://scripts/enemies/boss_controller.gd:151)
SCRIPT ERROR: Compile Error: Identifier not found: EventBus
          at: GDScript::reload (res://scripts/visuals/effect_director.gd:148)
SCRIPT ERROR: Compile Error: Failed to compile depended scripts.
          at: GDScript::reload (res://scripts/enemies/enemy_base.gd:0)
SCRIPT ERROR: Compile Error: Failed to compile depended scripts.
          at: GDScript::reload (res://scripts/enemies/enemy_feedback.gd:0)
ERROR: Failed to load script "res://scripts/enemies/enemy_feedback.gd" with error "Compilation failed".
   at: load (modules/gdscript/gdscript_resource_format.cpp:46)
===== res://scripts/enemies/enemy_fuse_state.gd
Godot Engine v4.7.2.stable.official.ed1daf0bf - https://godotengine.org

SCRIPT ERROR: Compile Error: Identifier not found: EventBus
          at: GDScript::reload (res://scripts/core/content_registry.gd:38)
SCRIPT ERROR: Compile Error: Identifier not found: ContentRegistry
          at: GDScript::reload (res://scripts/player/progression_component.gd:115)
SCRIPT ERROR: Compile Error: Failed to compile depended scripts.
          at: GDScript::reload (res://scripts/status/status_manager.gd:0)
SCRIPT ERROR: Compile Error: Failed to compile depended scripts.
          at: GDScript::reload (res://scripts/combat/damageable.gd:0)
SCRIPT ERROR: Compile Error: Identifier not found: AudioManager
          at: GDScript::reload (res://scripts/enemies/enemy_audio.gd:65)
SCRIPT ERROR: Compile Error: Identifier not found: AudioManager
          at: GDScript::reload (res://scripts/enemies/boss_controller.gd:151)
SCRIPT ERROR: Compile Error: Identifier not found: EventBus
          at: GDScript::reload (res://scripts/visuals/effect_director.gd:148)
SCRIPT ERROR: Compile Error: Failed to compile depended scripts.
          at: GDScript::reload (res://scripts/enemies/enemy_base.gd:0)
SCRIPT ERROR: Compile Error: Failed to compile depended scripts.
          at: GDScript::reload (res://scripts/enemies/enemy_state.gd:0)
SCRIPT ERROR: Compile Error: Failed to compile depended scripts.
          at: GDScript::reload (res://scripts/enemies/enemy_fuse_state.gd:0)
ERROR: Failed to load script "res://scripts/enemies/enemy_fuse_state.gd" with error "Compilation failed".
   at: load (modules/gdscript/gdscript_resource_format.cpp:46)
===== res://scripts/enemies/enemy_hurt_state.gd
Godot Engine v4.7.2.stable.official.ed1daf0bf - https://godotengine.org

SCRIPT ERROR: Compile Error: Identifier not found: EventBus
          at: GDScript::reload (res://scripts/core/content_registry.gd:38)
SCRIPT ERROR: Compile Error: Identifier not found: ContentRegistry
          at: GDScript::reload (res://scripts/player/progression_component.gd:115)
SCRIPT ERROR: Compile Error: Failed to compile depended scripts.
          at: GDScript::reload (res://scripts/status/status_manager.gd:0)
SCRIPT ERROR: Compile Error: Failed to compile depended scripts.
          at: GDScript::reload (res://scripts/combat/damageable.gd:0)
SCRIPT ERROR: Compile Error: Identifier not found: AudioManager
          at: GDScript::reload (res://scripts/enemies/enemy_audio.gd:65)
SCRIPT ERROR: Compile Error: Identifier not found: AudioManager
          at: GDScript::reload (res://scripts/enemies/boss_controller.gd:151)
SCRIPT ERROR: Compile Error: Identifier not found: EventBus
          at: GDScript::reload (res://scripts/visuals/effect_director.gd:148)
SCRIPT ERROR: Compile Error: Failed to compile depended scripts.
          at: GDScript::reload (res://scripts/enemies/enemy_base.gd:0)
SCRIPT ERROR: Compile Error: Failed to compile depended scripts.
          at: GDScript::reload (res://scripts/enemies/enemy_state.gd:0)
SCRIPT ERROR: Compile Error: Failed to compile depended scripts.
          at: GDScript::reload (res://scripts/enemies/enemy_hurt_state.gd:0)
ERROR: Failed to load script "res://scripts/enemies/enemy_hurt_state.gd" with error "Compilation failed".
   at: load (modules/gdscript/gdscript_resource_format.cpp:46)
===== res://scripts/enemies/enemy_idle_state.gd
Godot Engine v4.7.2.stable.official.ed1daf0bf - https://godotengine.org

SCRIPT ERROR: Compile Error: Identifier not found: EventBus
          at: GDScript::reload (res://scripts/core/content_registry.gd:38)
SCRIPT ERROR: Compile Error: Identifier not found: ContentRegistry
          at: GDScript::reload (res://scripts/player/progression_component.gd:115)
SCRIPT ERROR: Compile Error: Failed to compile depended scripts.
          at: GDScript::reload (res://scripts/status/status_manager.gd:0)
SCRIPT ERROR: Compile Error: Failed to compile depended scripts.
          at: GDScript::reload (res://scripts/combat/damageable.gd:0)
SCRIPT ERROR: Compile Error: Identifier not found: AudioManager
          at: GDScript::reload (res://scripts/enemies/enemy_audio.gd:65)
SCRIPT ERROR: Compile Error: Identifier not found: AudioManager
          at: GDScript::reload (res://scripts/enemies/boss_controller.gd:151)
SCRIPT ERROR: Compile Error: Identifier not found: EventBus
          at: GDScript::reload (res://scripts/visuals/effect_director.gd:148)
SCRIPT ERROR: Compile Error: Failed to compile depended scripts.
          at: GDScript::reload (res://scripts/enemies/enemy_base.gd:0)
SCRIPT ERROR: Compile Error: Failed to compile depended scripts.
          at: GDScript::reload (res://scripts/enemies/enemy_state.gd:0)
SCRIPT ERROR: Compile Error: Failed to compile depended scripts.
          at: GDScript::reload (res://scripts/enemies/enemy_idle_state.gd:0)
ERROR: Failed to load script "res://scripts/enemies/enemy_idle_state.gd" with error "Compilation failed".
   at: load (modules/gdscript/gdscript_resource_format.cpp:46)
===== res://scripts/enemies/enemy_locomotion.gd
Godot Engine v4.7.2.stable.official.ed1daf0bf - https://godotengine.org

===== res://scripts/enemies/enemy_navigator.gd
Godot Engine v4.7.2.stable.official.ed1daf0bf - https://godotengine.org

===== res://scripts/enemies/enemy_pack.gd
Godot Engine v4.7.2.stable.official.ed1daf0bf - https://godotengine.org

SCRIPT ERROR: Compile Error: Identifier not found: EventBus
          at: GDScript::reload (res://scripts/core/content_registry.gd:38)
SCRIPT ERROR: Compile Error: Identifier not found: ContentRegistry
          at: GDScript::reload (res://scripts/player/progression_component.gd:115)
SCRIPT ERROR: Compile Error: Failed to compile depended scripts.
          at: GDScript::reload (res://scripts/status/status_manager.gd:0)
SCRIPT ERROR: Compile Error: Failed to compile depended scripts.
          at: GDScript::reload (res://scripts/combat/damageable.gd:0)
SCRIPT ERROR: Compile Error: Identifier not found: AudioManager
          at: GDScript::reload (res://scripts/enemies/enemy_audio.gd:65)
SCRIPT ERROR: Compile Error: Identifier not found: AudioManager
          at: GDScript::reload (res://scripts/enemies/boss_controller.gd:151)
SCRIPT ERROR: Compile Error: Identifier not found: EventBus
          at: GDScript::reload (res://scripts/visuals/effect_director.gd:148)
SCRIPT ERROR: Compile Error: Failed to compile depended scripts.
          at: GDScript::reload (res://scripts/enemies/enemy_base.gd:0)
SCRIPT ERROR: Compile Error: Failed to compile depended scripts.
          at: GDScript::reload (res://scripts/enemies/enemy_pack.gd:0)
ERROR: Failed to load script "res://scripts/enemies/enemy_pack.gd" with error "Compilation failed".
   at: load (modules/gdscript/gdscript_resource_format.cpp:46)
===== res://scripts/enemies/enemy_perception.gd
Godot Engine v4.7.2.stable.official.ed1daf0bf - https://godotengine.org

===== res://scripts/enemies/enemy_personality.gd
Godot Engine v4.7.2.stable.official.ed1daf0bf - https://godotengine.org

===== res://scripts/enemies/enemy_ranged_state.gd
Godot Engine v4.7.2.stable.official.ed1daf0bf - https://godotengine.org

SCRIPT ERROR: Compile Error: Identifier not found: EventBus
          at: GDScript::reload (res://scripts/core/content_registry.gd:38)
SCRIPT ERROR: Compile Error: Identifier not found: ContentRegistry
          at: GDScript::reload (res://scripts/player/progression_component.gd:115)
SCRIPT ERROR: Compile Error: Failed to compile depended scripts.
          at: GDScript::reload (res://scripts/status/status_manager.gd:0)
SCRIPT ERROR: Compile Error: Failed to compile depended scripts.
          at: GDScript::reload (res://scripts/combat/damageable.gd:0)
SCRIPT ERROR: Compile Error: Identifier not found: AudioManager
          at: GDScript::reload (res://scripts/enemies/enemy_audio.gd:65)
SCRIPT ERROR: Compile Error: Identifier not found: AudioManager
          at: GDScript::reload (res://scripts/enemies/boss_controller.gd:151)
SCRIPT ERROR: Compile Error: Identifier not found: EventBus
          at: GDScript::reload (res://scripts/visuals/effect_director.gd:148)
SCRIPT ERROR: Compile Error: Failed to compile depended scripts.
          at: GDScript::reload (res://scripts/enemies/enemy_base.gd:0)
SCRIPT ERROR: Compile Error: Failed to compile depended scripts.
          at: GDScript::reload (res://scripts/enemies/enemy_state.gd:0)
SCRIPT ERROR: Compile Error: Failed to compile depended scripts.
          at: GDScript::reload (res://scripts/enemies/enemy_ranged_state.gd:0)
ERROR: Failed to load script "res://scripts/enemies/enemy_ranged_state.gd" with error "Compilation failed".
   at: load (modules/gdscript/gdscript_resource_format.cpp:46)
===== res://scripts/enemies/enemy_state.gd
Godot Engine v4.7.2.stable.official.ed1daf0bf - https://godotengine.org

SCRIPT ERROR: Compile Error: Identifier not found: EventBus
          at: GDScript::reload (res://scripts/core/content_registry.gd:38)
SCRIPT ERROR: Compile Error: Identifier not found: ContentRegistry
          at: GDScript::reload (res://scripts/player/progression_component.gd:115)
SCRIPT ERROR: Compile Error: Failed to compile depended scripts.
          at: GDScript::reload (res://scripts/status/status_manager.gd:0)
SCRIPT ERROR: Compile Error: Failed to compile depended scripts.
          at: GDScript::reload (res://scripts/combat/damageable.gd:0)
SCRIPT ERROR: Compile Error: Identifier not found: AudioManager
          at: GDScript::reload (res://scripts/enemies/enemy_audio.gd:65)
SCRIPT ERROR: Compile Error: Identifier not found: AudioManager
          at: GDScript::reload (res://scripts/enemies/boss_controller.gd:151)
SCRIPT ERROR: Compile Error: Identifier not found: EventBus
          at: GDScript::reload (res://scripts/visuals/effect_director.gd:148)
SCRIPT ERROR: Compile Error: Failed to compile depended scripts.
          at: GDScript::reload (res://scripts/enemies/enemy_base.gd:0)
SCRIPT ERROR: Compile Error: Failed to compile depended scripts.
          at: GDScript::reload (res://scripts/enemies/enemy_state.gd:0)
ERROR: Failed to load script "res://scripts/enemies/enemy_state.gd" with error "Compilation failed".
   at: load (modules/gdscript/gdscript_resource_format.cpp:46)
===== res://scripts/enemies/enemy_state_machine.gd
Godot Engine v4.7.2.stable.official.ed1daf0bf - https://godotengine.org

SCRIPT ERROR: Compile Error: Identifier not found: EventBus
          at: GDScript::reload (res://scripts/core/content_registry.gd:38)
SCRIPT ERROR: Compile Error: Identifier not found: ContentRegistry
          at: GDScript::reload (res://scripts/player/progression_component.gd:115)
SCRIPT ERROR: Compile Error: Failed to compile depended scripts.
          at: GDScript::reload (res://scripts/status/status_manager.gd:0)
SCRIPT ERROR: Compile Error: Failed to compile depended scripts.
          at: GDScript::reload (res://scripts/combat/damageable.gd:0)
SCRIPT ERROR: Compile Error: Identifier not found: AudioManager
          at: GDScript::reload (res://scripts/enemies/enemy_audio.gd:65)
SCRIPT ERROR: Compile Error: Identifier not found: AudioManager
          at: GDScript::reload (res://scripts/enemies/boss_controller.gd:151)
SCRIPT ERROR: Compile Error: Identifier not found: EventBus
          at: GDScript::reload (res://scripts/visuals/effect_director.gd:148)
SCRIPT ERROR: Compile Error: Failed to compile depended scripts.
          at: GDScript::reload (res://scripts/enemies/enemy_base.gd:0)
SCRIPT ERROR: Compile Error: Failed to compile depended scripts.
          at: GDScript::reload (res://scripts/enemies/enemy_state.gd:0)
SCRIPT ERROR: Compile Error: Failed to compile depended scripts.
          at: GDScript::reload (res://scripts/enemies/enemy_state_machine.gd:0)
ERROR: Failed to load script "res://scripts/enemies/enemy_state_machine.gd" with error "Compilation failed".
   at: load (modules/gdscript/gdscript_resource_format.cpp:46)
===== res://scripts/enemies/enemy_striker.gd
Godot Engine v4.7.2.stable.official.ed1daf0bf - https://godotengine.org

SCRIPT ERROR: Compile Error: Identifier not found: EventBus
          at: GDScript::reload (res://scripts/core/content_registry.gd:38)
SCRIPT ERROR: Compile Error: Identifier not found: ContentRegistry
          at: GDScript::reload (res://scripts/player/progression_component.gd:115)
SCRIPT ERROR: Compile Error: Failed to compile depended scripts.
          at: GDScript::reload (res://scripts/status/status_manager.gd:0)
SCRIPT ERROR: Compile Error: Failed to compile depended scripts.
          at: GDScript::reload (res://scripts/combat/damageable.gd:0)
SCRIPT ERROR: Compile Error: Identifier not found: AudioManager
          at: GDScript::reload (res://scripts/enemies/enemy_audio.gd:65)
SCRIPT ERROR: Compile Error: Identifier not found: AudioManager
          at: GDScript::reload (res://scripts/enemies/boss_controller.gd:151)
SCRIPT ERROR: Compile Error: Identifier not found: EventBus
          at: GDScript::reload (res://scripts/visuals/effect_director.gd:148)
SCRIPT ERROR: Compile Error: Failed to compile depended scripts.
          at: GDScript::reload (res://scripts/enemies/enemy_base.gd:0)
SCRIPT ERROR: Compile Error: Failed to compile depended scripts.
          at: GDScript::reload (res://scripts/enemies/enemy_striker.gd:0)
ERROR: Failed to load script "res://scripts/enemies/enemy_striker.gd" with error "Compilation failed".
   at: load (modules/gdscript/gdscript_resource_format.cpp:46)
===== res://scripts/enemies/spawn_ledger.gd
Godot Engine v4.7.2.stable.official.ed1daf0bf - https://godotengine.org

===== res://scripts/enemies/spawn_manager.gd
Godot Engine v4.7.2.stable.official.ed1daf0bf - https://godotengine.org

SCRIPT ERROR: Compile Error: Identifier not found: EventBus
          at: GDScript::reload (res://scripts/core/content_registry.gd:38)
SCRIPT ERROR: Compile Error: Identifier not found: ContentRegistry
          at: GDScript::reload (res://scripts/player/progression_component.gd:115)
SCRIPT ERROR: Compile Error: Failed to compile depended scripts.
          at: GDScript::reload (res://scripts/status/status_manager.gd:0)
SCRIPT ERROR: Compile Error: Failed to compile depended scripts.
          at: GDScript::reload (res://scripts/combat/damageable.gd:0)
SCRIPT ERROR: Compile Error: Identifier not found: AudioManager
          at: GDScript::reload (res://scripts/enemies/boss_controller.gd:151)
SCRIPT ERROR: Compile Error: Identifier not found: AudioManager
          at: GDScript::reload (res://scripts/enemies/enemy_audio.gd:65)
SCRIPT ERROR: Compile Error: Identifier not found: EventBus
          at: GDScript::reload (res://scripts/visuals/effect_director.gd:148)
SCRIPT ERROR: Compile Error: Failed to compile depended scripts.
          at: GDScript::reload (res://scripts/enemies/enemy_base.gd:0)
SCRIPT ERROR: Compile Error: Identifier not found: ContentRegistry
          at: GDScript::reload (res://scripts/arena/arena.gd:149)
SCRIPT ERROR: Compile Error: Failed to compile depended scripts.
          at: GDScript::reload (res://scripts/enemies/spawn_manager.gd:0)
ERROR: Failed to load script "res://scripts/enemies/spawn_manager.gd" with error "Compilation failed".
   at: load (modules/gdscript/gdscript_resource_format.cpp:46)
===== res://scripts/enemies/spawn_patterns.gd
Godot Engine v4.7.2.stable.official.ed1daf0bf - https://godotengine.org

===== res://scripts/enemies/spawn_placer.gd
Godot Engine v4.7.2.stable.official.ed1daf0bf - https://godotengine.org

SCRIPT ERROR: Compile Error: Identifier not found: ContentRegistry
          at: GDScript::reload (res://scripts/arena/arena.gd:149)
SCRIPT ERROR: Compile Error: Failed to compile depended scripts.
          at: GDScript::reload (res://scripts/enemies/spawn_placer.gd:0)
ERROR: Failed to load script "res://scripts/enemies/spawn_placer.gd" with error "Compilation failed".
   at: load (modules/gdscript/gdscript_resource_format.cpp:46)
===== res://scripts/main/camera/camera_auto_follow_controller.gd
Godot Engine v4.7.2.stable.official.ed1daf0bf - https://godotengine.org

===== res://scripts/main/camera/camera_collision_solver.gd
Godot Engine v4.7.2.stable.official.ed1daf0bf - https://godotengine.org

===== res://scripts/main/camera/camera_focus_tracker.gd
Godot Engine v4.7.2.stable.official.ed1daf0bf - https://godotengine.org

===== res://scripts/main/camera/camera_fov_controller.gd
Godot Engine v4.7.2.stable.official.ed1daf0bf - https://godotengine.org

===== res://scripts/main/camera/camera_framing_controller.gd
Godot Engine v4.7.2.stable.official.ed1daf0bf - https://godotengine.org

===== res://scripts/main/camera/camera_input_handler.gd
Godot Engine v4.7.2.stable.official.ed1daf0bf - https://godotengine.org

===== res://scripts/main/camera/camera_math.gd
Godot Engine v4.7.2.stable.official.ed1daf0bf - https://godotengine.org

===== res://scripts/main/camera/camera_mode_controller.gd
Godot Engine v4.7.2.stable.official.ed1daf0bf - https://godotengine.org

===== res://scripts/main/camera/camera_orbit_controller.gd
Godot Engine v4.7.2.stable.official.ed1daf0bf - https://godotengine.org

===== res://scripts/main/camera/camera_orbit_state.gd
Godot Engine v4.7.2.stable.official.ed1daf0bf - https://godotengine.org

===== res://scripts/main/camera/camera_shake_controller.gd
Godot Engine v4.7.2.stable.official.ed1daf0bf - https://godotengine.org

===== res://scripts/main/camera/camera_velocity_tracker.gd
Godot Engine v4.7.2.stable.official.ed1daf0bf - https://godotengine.org

===== res://scripts/main/camera_profile.gd
Godot Engine v4.7.2.stable.official.ed1daf0bf - https://godotengine.org

===== res://scripts/main/camera_rig.gd
Godot Engine v4.7.2.stable.official.ed1daf0bf - https://godotengine.org

SCRIPT ERROR: Compile Error: Identifier not found: ContentRegistry
          at: GDScript::reload (res://scripts/main/camera_rig.gd:80)
ERROR: Failed to load script "res://scripts/main/camera_rig.gd" with error "Compilation failed".
   at: load (modules/gdscript/gdscript_resource_format.cpp:46)
===== res://scripts/main/main.gd
Godot Engine v4.7.2.stable.official.ed1daf0bf - https://godotengine.org

