{
  "package": "com.laststandarena.game",
  "version_name": "0.7.0",
  "version_code": 4,
  "min_sdk": 24,
  "target_sdk": 34,
  "launcher": "com.godot.game.GodotApp",
  "debuggable": true,
  "permissions": [
    "android.permission.VIBRATE"
  ],
  "renderer": "mobile",
  "abis": [
    "arm64-v8a"
  ],
  "valid": true,
  "build_type": "debug",
  "signature_verified": true,
  "apk": "/home/runner/work/Game-no-7/Game-no-7/build/LastStandArena-debug.apk",
  "sha256": "250b5ae645712c2574e3cfa55664b27d52dfefd884f9e30821a10c3cacb13314",
  "size_bytes": 223448171,
  "device_tested": false,
  "campaign": {
    "world_id": "station_zero",
    "sha256": "c2bacee999a4b5a52b71166afcaf9b02e3ee43b43261c9c8f83e0faf8c5be806",
    "districts": 6,
    "floor_regions": 13,
    "landmarks": 24,
    "interactions": 15,
    "encounters": 8,
    "authored_enemies": 29,
    "missions": 7,
    "navigation_cells": 5984,
    "reachable_walkable_cells": 2505,
    "floor_modules": 744,
    "perimeter_edges": 304
  }
}
