Godot log validation failed: dbg-import.log
ERROR: Parameter "t" is null.
   at: texture_2d_get (servers/rendering/dummy/storage/texture_storage.h:107)
import: end
	reimport: step 274: barrel_large.glb
ERROR: Parameter "t" is null.
   at: texture_2d_get (servers/rendering/dummy/storage/texture_storage.h:107)
import: end
	reimport: step 275: scene.gltf
ERROR: Parameter "t" is null.
   at: texture_2d_get (servers/rendering/dummy/storage/texture_storage.h:107)
import: end
	reimport: step 276: gladius.glb
ERROR: Parameter "t" is null.
   at: texture_2d_get (servers/rendering/dummy/storage/texture_storage.h:107)
import: end
	reimport: step 277: wall.glb
ERROR: Parameter "t" is null.
   at: texture_2d_get (servers/rendering/dummy/storage/texture_storage.h:107)
import: end
	reimport: step 278: banner_yellow.glb
ERROR: Parameter "t" is null.
   at: texture_2d_get (servers/rendering/dummy/storage/texture_storage.h:107)
import: end
	reimport: step 279: banner_shield_yellow.glb
ERROR: Parameter "t" is null.
   at: texture_2d_get (servers/rendering/dummy/storage/texture_storage.h:107)
import: end
	reimport: step 280: ember_scepter.glb
ERROR: Parameter "t" is null.
   at: texture_2d_get (servers/rendering/dummy/storage/texture_storage.h:107)
import: end
	reimport: step 281: wall_hazard.glb
ERROR: Parameter "t" is null.
   at: texture_2d_get (servers/rendering/dummy/storage/texture_storage.h:107)
import: end
	reimport: step 282: banner_shield_red.glb
ERROR: Parameter "t" is null.
   at: texture_2d_get (servers/rendering/dummy/storage/texture_storage.h:107)
import: end
	reimport: step 283: banner_shield_blue.glb
ERROR: Parameter "t" is null.
   at: texture_2d_get (servers/rendering/dummy/storage/texture_storage.h:107)
import: end
	reimport: step 284: banner_red.glb
ERROR: Parameter "t" is null.
   at: texture_2d_get (servers/rendering/dummy/storage/texture_storage.h:107)
import: end
	reimport: step 285: banner_green.glb
ERROR: Parameter "t" is null.
   at: texture_2d_get (servers/rendering/dummy/storage/texture_storage.h:107)
import: end
	reimport: step 286: banner_blue.glb
ERROR: Parameter "t" is null.
   at: texture_2d_get (servers/rendering/dummy/storage/texture_storage.h:107)
import: end
	reimport: step 287: scene.gltf
ERROR: Parameter "t" is null.
   at: texture_2d_get (servers/rendering/dummy/storage/texture_storage.h:107)
import: end
	reimport: step 288: ground.glb
ERROR: Parameter "t" is null.
   at: texture_2d_get (servers/rendering/dummy/storage/texture_storage.h:107)
import: end
	reimport: step 289: crates_stacked.glb
ERROR: Parameter "t" is null.
   at: texture_2d_get (servers/rendering/dummy/storage/texture_storage.h:107)
import: end
	reimport: step 290: column.glb
ERROR: Parameter "t" is null.
   at: texture_2d_get (servers/rendering/dummy/storage/texture_storage.h:107)
import: end
	reimport: step 291: candle_triple.glb
ERROR: Parameter "t" is null.
   at: texture_2d_get (servers/rendering/dummy/storage/texture_storage.h:107)
import: end
	reimport: step 292: candle_thin_lit.glb
ERROR: Parameter "t" is null.
   at: texture_2d_get (servers/rendering/dummy/storage/texture_storage.h:107)
import: end
	reimport: step 293: scene.gltf
ERROR: Parameter "t" is null.
   at: texture_2d_get (servers/rendering/dummy/storage/texture_storage.h:107)
import: end
	reimport: step 294: candle_lit.glb
ERROR: Parameter "t" is null.
   at: texture_2d_get (servers/rendering/dummy/storage/texture_storage.h:107)
import: end
	reimport: step 295: box_stacked.glb
ERROR: Parameter "t" is null.
   at: texture_2d_get (servers/rendering/dummy/storage/texture_storage.h:107)
import: end
	reimport: step 296: box_small_decorated.glb
ERROR: Parameter "t" is null.
   at: texture_2d_get (servers/rendering/dummy/storage/texture_storage.h:107)
import: end
	reimport: step 297: box_small.glb
ERROR: Parameter "t" is null.
   at: texture_2d_get (servers/rendering/dummy/storage/texture_storage.h:107)
import: end
	reimport: step 298: ground_hazard.glb
ERROR: Parameter "t" is null.
   at: texture_2d_get (servers/rendering/dummy/storage/texture_storage.h:107)
import: end
	reimport: step 299: scene.gltf
ERROR: Parameter "t" is null.
   at: texture_2d_get (servers/rendering/dummy/storage/texture_storage.h:107)
import: end
	reimport: step 300: box_large.glb
ERROR: Parameter "t" is null.
   at: texture_2d_get (servers/rendering/dummy/storage/texture_storage.h:107)
import: end
	reimport: step 301: barrier_corner.glb
ERROR: Parameter "t" is null.
   at: texture_2d_get (servers/rendering/dummy/storage/texture_storage.h:107)
import: end
	reimport: step 302: barrier_column.glb
ERROR: Parameter "t" is null.
   at: texture_2d_get (servers/rendering/dummy/storage/texture_storage.h:107)
import: end
	reimport: step 303: barrier.glb
ERROR: Parameter "t" is null.
   at: texture_2d_get (servers/rendering/dummy/storage/texture_storage.h:107)
import: end
	reimport: step 304: ground_tech.glb
ERROR: Parameter "t" is null.
   at: texture_2d_get (servers/rendering/dummy/storage/texture_storage.h:107)
import: end
	reimport: step 305: scene.gltf
ERROR: Parameter "t" is null.
   at: texture_2d_get (servers/rendering/dummy/storage/texture_storage.h:107)
import: end
	reimport: step 306: barrel_small_stack.glb
ERROR: Parameter "t" is null.
   at: texture_2d_get (servers/rendering/dummy/storage/texture_storage.h:107)
import: end
	reimport: step 307: barrel_small.glb
ERROR: Parameter "t" is null.
   at: texture_2d_get (servers/rendering/dummy/storage/texture_storage.h:107)
import: end
	reimport: step 308: WardenGladius.glb
ERROR: Parameter "t" is null.
   at: texture_2d_get (servers/rendering/dummy/storage/texture_storage.h:107)
import: end
	reimport: step 309: ArenaWarden.glb
ERROR: Parameter "t" is null.
   at: texture_2d_get (servers/rendering/dummy/storage/texture_storage.h:107)
import: end
	reimport: step 310: Skeleton_Warrior.glb
ERROR: Parameter "t" is null.
   at: texture_2d_get (servers/rendering/dummy/storage/texture_storage.h:107)
import: end
	reimport: step 311: exploder.glb
ERROR: Parameter "t" is null.
   at: texture_2d_get (servers/rendering/dummy/storage/texture_storage.h:107)
import: end
	reimport: step 312: Skeleton_Rogue.glb
ERROR: Parameter "t" is null.
   at: texture_2d_get (servers/rendering/dummy/storage/texture_storage.h:107)
import: end
	reimport: step 313: Skeleton_Minion.glb
ERROR: Parameter "t" is null.
   at: texture_2d_get (servers/rendering/dummy/storage/texture_storage.h:107)
import: end
	reimport: step 314: Skeleton_Mage.glb
ERROR: Parameter "t" is null.
   at: texture_2d_get (servers/rendering/dummy/storage/texture_storage.h:107)
import: end
	reimport: step 315: Demon.gltf
ERROR: Parameter "t" is null.
   at: texture_2d_get (servers/rendering/dummy/storage/texture_storage.h:107)
import: end
	reimport: step 316: BlueDemon.gltf
ERROR: Parameter "t" is null.
   at: texture_2d_get (servers/rendering/dummy/storage/texture_storage.h:107)
import: end
	reimport: step 317: Spider.glb
ERROR: Parameter "t" is null.
   at: texture_2d_get (servers/rendering/dummy/storage/texture_storage.h:107)
import: end
	reimport: step 318: Rat.glb
ERROR: Parameter "t" is null.
   at: texture_2d_get (servers/rendering/dummy/storage/texture_storage.h:107)
import: end
	reimport: step 319: fast.glb
ERROR: Parameter "t" is null.
   at: texture_2d_get (servers/rendering/dummy/storage/texture_storage.h:107)
import: end
	reimport: step 320: Knight.glb
ERROR: Parameter "t" is null.
   at: texture_2d_get (servers/rendering/dummy/storage/texture_storage.h:107)
import: end
	reimport: step 321: heavy.glb
ERROR: Parameter "t" is null.
   at: texture_2d_get (servers/rendering/dummy/storage/texture_storage.h:107)
import: end
	reimport: step 322: player.glb
ERROR: Parameter "t" is null.
   at: texture_2d_get (servers/rendering/dummy/storage/texture_storage.h:107)
import: end
	reimport: step 323: ranged.glb
ERROR: Parameter "t" is null.
   at: texture_2d_get (servers/rendering/dummy/storage/texture_storage.h:107)
import: end
	reimport: step 324: splitter.glb
ERROR: Parameter "t" is null.
   at: texture_2d_get (servers/rendering/dummy/storage/texture_storage.h:107)
import: end
	reimport: step 325: warlord.glb
ERROR: Parameter "t" is null.
   at: texture_2d_get (servers/rendering/dummy/storage/texture_storage.h:107)
import: end
	reimport: step 326: hazard_tile.glb
ERROR: Parameter "t" is null.
   at: texture_2d_get (servers/rendering/dummy/storage/texture_storage.h:107)
import: end
	reimport: step 327: moonlance.glb
ERROR: Parameter "t" is null.
   at: texture_2d_get (servers/rendering/dummy/storage/texture_storage.h:107)
import: end
	reimport: step 328: sentinel_spear.glb
ERROR: Parameter "t" is null.
   at: texture_2d_get (servers/rendering/dummy/storage/texture_storage.h:107)
import: end
	reimport: step 329: scene.gltf
ERROR: Parameter "t" is null.
   at: texture_2d_get (servers/rendering/dummy/storage/texture_storage.h:107)
import: end
	reimport: step 330: wall_rusted.glb
ERROR: Parameter "t" is null.
   at: texture_2d_get (servers/rendering/dummy/storage/texture_storage.h:107)
import: end
	reimport: step 331: stormhammer.glb
ERROR: Parameter "t" is null.
   at: texture_2d_get (servers/rendering/dummy/storage/texture_storage.h:107)
import: end
	reimport: step 332: sunbow.glb
ERROR: Parameter "t" is null.
   at: texture_2d_get (servers/rendering/dummy/storage/texture_storage.h:107)
import: end
	reimport: step 333: twinfangs.glb
ERROR: Parameter "t" is null.
   at: texture_2d_get (servers/rendering/dummy/storage/texture_storage.h:107)
import: end
	reimport: step 334: venom_chain.glb
ERROR: Parameter "t" is null.
   at: texture_2d_get (servers/rendering/dummy/storage/texture_storage.h:107)
import: end
	reimport: step 335: warreaxe.glb
ERROR: Parameter "t" is null.
   at: texture_2d_get (servers/rendering/dummy/storage/texture_storage.h:107)
import: end
	reimport: step 336: scene.gltf
ERROR: Parameter "t" is null.
   at: texture_2d_get (servers/rendering/dummy/storage/texture_storage.h:107)
import: end
	reimport: step 337: wall_tech.glb
ERROR: Parameter "t" is null.
   at: texture_2d_get (servers/rendering/dummy/storage/texture_storage.h:107)
import: end
	reimport: step 338: antidote.glb
ERROR: Parameter "t" is null.
   at: texture_2d_get (servers/rendering/dummy/storage/texture_storage.h:107)
import: end
	reimport: step 339: coin_cache.glb
ERROR: Parameter "t" is null.
   at: texture_2d_get (servers/rendering/dummy/storage/texture_storage.h:107)
import: end
	reimport: step 340: health_orb.glb
ERROR: Parameter "t" is null.
   at: texture_2d_get (servers/rendering/dummy/storage/texture_storage.h:107)
import: end
	reimport: step 341: magnet.glb
ERROR: Parameter "t" is null.
   at: texture_2d_get (servers/rendering/dummy/storage/texture_storage.h:107)
import: end
	reimport: step 342: scene.gltf
ERROR: Parameter "t" is null.
   at: texture_2d_get (servers/rendering/dummy/storage/texture_storage.h:107)
import: end
	reimport: step 343: stamina_shard.glb
ERROR: Parameter "t" is null.
   at: texture_2d_get (servers/rendering/dummy/storage/texture_storage.h:107)
import: end
	reimport: step 344: xp_gem.glb
ERROR: Parameter "t" is null.
   at: texture_2d_get (servers/rendering/dummy/storage/texture_storage.h:107)
import: end
	reimport: step 345: basic.glb
ERROR: Parameter "t" is null.
   at: texture_2d_get (servers/rendering/dummy/storage/texture_storage.h:107)
import: end
	reimport: step 346: dasher.glb
ERROR: Parameter "t" is null.
   at: texture_2d_get (servers/rendering/dummy/storage/texture_storage.h:107)
import: end
	reimport: step 347: container-tall.glb
ERROR: Parameter "t" is null.
   at: texture_2d_get (servers/rendering/dummy/storage/texture_storage.h:107)
import: end
	reimport: step 348: computer.glb
ERROR: Parameter "t" is null.
   at: texture_2d_get (servers/rendering/dummy/storage/texture_storage.h:107)
import: end
	reimport: step 349: wall_pillar.glb
ERROR: Parameter "t" is null.
   at: texture_2d_get (servers/rendering/dummy/storage/texture_storage.h:107)
import: end
	reimport: step 350: wall_half.glb
ERROR: Parameter "t" is null.
   at: texture_2d_get (servers/rendering/dummy/storage/texture_storage.h:107)
import: end
	reimport: step 351: wall_gated.glb
ERROR: Parameter "t" is null.
   at: texture_2d_get (servers/rendering/dummy/storage/texture_storage.h:107)
import: end
	reimport: step 352: axe_1handed.gltf
ERROR: Parameter "t" is null.
   at: texture_2d_get (servers/rendering/dummy/storage/texture_storage.h:107)
import: end
	reimport: step 353: axe_2handed.gltf
ERROR: Parameter "t" is null.
   at: texture_2d_get (servers/rendering/dummy/storage/texture_storage.h:107)
import: end
	reimport: step 354: wall_endcap.glb
ERROR: Parameter "t" is null.
   at: texture_2d_get (servers/rendering/dummy/storage/texture_storage.h:107)
import: end
	reimport: step 355: dagger.gltf
ERROR: Parameter "t" is null.
   at: texture_2d_get (servers/rendering/dummy/storage/texture_storage.h:107)
import: end
	reimport: step 356: wall_doorway.glb
ERROR: Parameter "t" is null.
   at: texture_2d_get (servers/rendering/dummy/storage/texture_storage.h:107)
import: end
	reimport: step 357: wall_cracked.glb
ERROR: Parameter "t" is null.
   at: texture_2d_get (servers/rendering/dummy/storage/texture_storage.h:107)
import: end
	reimport: step 358: shield_badge.gltf
ERROR: Parameter "t" is null.
   at: texture_2d_get (servers/rendering/dummy/storage/texture_storage.h:107)
import: end
	reimport: step 359: shield_round.gltf
ERROR: Parameter "t" is null.
   at: texture_2d_get (servers/rendering/dummy/storage/texture_storage.h:107)
import: end
	reimport: step 360: sword_1handed.gltf
ERROR: Parameter "t" is null.
   at: texture_2d_get (servers/rendering/dummy/storage/texture_storage.h:107)
import: end
	reimport: step 361: sword_2handed.gltf
ERROR: Parameter "t" is null.
   at: texture_2d_get (servers/rendering/dummy/storage/texture_storage.h:107)
import: end
	reimport: step 362: Arrow.glb
ERROR: Parameter "t" is null.
   at: texture_2d_get (servers/rendering/dummy/storage/texture_storage.h:107)
import: end
	reimport: step 363: Axe_Double.glb
ERROR: Parameter "t" is null.
   at: texture_2d_get (servers/rendering/dummy/storage/texture_storage.h:107)
import: end
	reimport: step 364: Bow_Golden.glb
ERROR: Parameter "t" is null.
   at: texture_2d_get (servers/rendering/dummy/storage/texture_storage.h:107)
import: end
	reimport: step 365: Potion3_Filled.glb
ERROR: Parameter "t" is null.
   at: texture_2d_get (servers/rendering/dummy/storage/texture_storage.h:107)
import: end
	reimport: step 366: Potion1_Filled.glb
ERROR: Parameter "t" is null.
   at: texture_2d_get (servers/rendering/dummy/storage/texture_storage.h:107)
import: end
	reimport: step 367: Heart.glb
ERROR: Parameter "t" is null.
   at: texture_2d_get (servers/rendering/dummy/storage/texture_storage.h:107)
import: end
	reimport: step 368: Crystal2.glb
ERROR: Parameter "t" is null.
   at: texture_2d_get (servers/rendering/dummy/storage/texture_storage.h:107)
import: end
	reimport: step 369: Crystal1.glb
ERROR: Parameter "t" is null.
   at: texture_2d_get (servers/rendering/dummy/storage/texture_storage.h:107)
import: end
	reimport: step 370: Coin_Star.glb
ERROR: Parameter "t" is null.
   at: texture_2d_get (servers/rendering/dummy/storage/texture_storage.h:107)
import: end
	reimport: step 371: Chest_Ingots.glb
ERROR: Parameter "t" is null.
   at: texture_2d_get (servers/rendering/dummy/storage/texture_storage.h:107)
import: end
	reimport: step 372: Chest_Closed.glb
ERROR: Parameter "t" is null.
   at: texture_2d_get (servers/rendering/dummy/storage/texture_storage.h:107)
import: end
	reimport: step 373: key.glb
ERROR: Parameter "t" is null.
   at: texture_2d_get (servers/rendering/dummy/storage/texture_storage.h:107)
import: end
	reimport: step 374: coin_stack_small.glb
ERROR: Parameter "t" is null.
   at: texture_2d_get (servers/rendering/dummy/storage/texture_storage.h:107)
import: end
	reimport: step 375: coin.glb
ERROR: Parameter "t" is null.
   at: texture_2d_get (servers/rendering/dummy/storage/texture_storage.h:107)
import: end
	reimport: step 376: chest_gold.glb
ERROR: Parameter "t" is null.
   at: texture_2d_get (servers/rendering/dummy/storage/texture_storage.h:107)
import: end
	reimport: step 377: chest.glb
ERROR: Parameter "t" is null.
   at: texture_2d_get (servers/rendering/dummy/storage/texture_storage.h:107)
import: end
	reimport: step 378: bottle_A_labeled_green.glb
ERROR: Parameter "t" is null.
   at: texture_2d_get (servers/rendering/dummy/storage/texture_storage.h:107)
import: end
	reimport: step 379: table-display.glb
ERROR: Parameter "t" is null.
   at: texture_2d_get (servers/rendering/dummy/storage/texture_storage.h:107)
import: end
	reimport: step 380: rocks.glb
ERROR: Parameter "t" is null.
   at: texture_2d_get (servers/rendering/dummy/storage/texture_storage.h:107)
import: end
	reimport: step 381: display-wall.glb
ERROR: Parameter "t" is null.
   at: texture_2d_get (servers/rendering/dummy/storage/texture_storage.h:107)
import: end
	reimport: step 382: container.glb
ERROR: Parameter "t" is null.
   at: texture_2d_get (servers/rendering/dummy/storage/texture_storage.h:107)
import: end
	reimport: step 383: container-wide.glb
ERROR: Parameter "t" is null.
   at: texture_2d_get (servers/rendering/dummy/storage/texture_storage.h:107)
import: end
	reimport: step 384: sword_shield_gold.glb
ERROR: Parameter "t" is null.
   at: texture_2d_get (servers/rendering/dummy/storage/texture_storage.h:107)
import: end
	reimport: step 385: sword_shield.glb
ERROR: Parameter "t" is null.
   at: texture_2d_get (servers/rendering/dummy/storage/texture_storage.h:107)
import: end
	reimport: step 386: scene.gltf
ERROR: Parameter "t" is null.
   at: texture_2d_get (servers/rendering/dummy/storage/texture_storage.h:107)
import: end
	reimport: step 387: stairs.glb
ERROR: Parameter "t" is null.
   at: texture_2d_get (servers/rendering/dummy/storage/texture_storage.h:107)
import: end
	reimport: step 388: rubble_large.glb
ERROR: Parameter "t" is null.
   at: texture_2d_get (servers/rendering/dummy/storage/texture_storage.h:107)
import: end
	reimport: step 389: rubble_half.glb
ERROR: Parameter "t" is null.
   at: texture_2d_get (servers/rendering/dummy/storage/texture_storage.h:107)
import: end
	reimport: step 390: pillar_decorated.glb
ERROR: Parameter "t" is null.
   at: texture_2d_get (servers/rendering/dummy/storage/texture_storage.h:107)
import: end
	reimport: step 391: ceiling_hazard.glb
ERROR: Parameter "t" is null.
   at: texture_2d_get (servers/rendering/dummy/storage/texture_storage.h:107)
import: end
	reimport: step 392: scene.gltf
ERROR: Parameter "t" is null.
   at: texture_2d_get (servers/rendering/dummy/storage/texture_storage.h:107)
import: end
	reimport: step 393: pillar.glb
ERROR: Parameter "t" is null.
   at: texture_2d_get (servers/rendering/dummy/storage/texture_storage.h:107)
import: end
	reimport: step 394: floor_tile_small_broken_A.glb
ERROR: Parameter "t" is null.
   at: texture_2d_get (servers/rendering/dummy/storage/texture_storage.h:107)
import: end
	reimport: step 395: floor_tile_small.glb
ERROR: Parameter "t" is null.
   at: texture_2d_get (servers/rendering/dummy/storage/texture_storage.h:107)
import: end
	reimport: step 396: floor_tile_large.glb
ERROR: Parameter "t" is null.
   at: texture_2d_get (servers/rendering/dummy/storage/texture_storage.h:107)
import: end
	reimport: step 397: ceiling_tech.glb
ERROR: Parameter "t" is null.
   at: texture_2d_get (servers/rendering/dummy/storage/texture_storage.h:107)
import: end
	reimport: step 398: scene.gltf
ERROR: Parameter "t" is null.
   at: texture_2d_get (servers/rendering/dummy/storage/texture_storage.h:107)
import: end
	reimport: step 399: floor_tile_grate_open.glb
ERROR: Parameter "t" is null.
   at: texture_2d_get (servers/rendering/dummy/storage/texture_storage.h:107)
import: end
	reimport: step 400: floor_tile_grate.glb
ERROR: Parameter "t" is null.
   at: texture_2d_get (servers/rendering/dummy/storage/texture_storage.h:107)
import: end
	reimport: step 401: floor_tile_big_spikes.glb
ERROR: Parameter "t" is null.
   at: texture_2d_get (servers/rendering/dummy/storage/texture_storage.h:107)
import: end
	reimport: step 402: floor_dirt_large.glb
ERROR: Parameter "t" is null.
   at: texture_2d_get (servers/rendering/dummy/storage/texture_storage.h:107)
import: end
	reimport: step 403: Dagger.glb
ERROR: Parameter "t" is null.
   at: texture_2d_get (servers/rendering/dummy/storage/texture_storage.h:107)
import: end
	reimport: step 404: Hammer_Double.glb
ERROR: Parameter "t" is null.
   at: texture_2d_get (servers/rendering/dummy/storage/texture_storage.h:107)
import: end
	reimport: step 405: Spear.glb
ERROR: Parameter "t" is null.
   at: texture_2d_get (servers/rendering/dummy/storage/texture_storage.h:107)
import: end
	reimport: step 406: Sword_Golden.glb
ERROR: Parameter "t" is null.
   at: texture_2d_get (servers/rendering/dummy/storage/texture_storage.h:107)
import: end
	reimport: step 407: Skeleton_Arrow.gltf
ERROR: Parameter "t" is null.
   at: texture_2d_get (servers/rendering/dummy/storage/texture_storage.h:107)
import: end
	reimport: step 408: Skeleton_Axe.gltf
ERROR: Parameter "t" is null.
   at: texture_2d_get (servers/rendering/dummy/storage/texture_storage.h:107)
import: end
	reimport: step 409: Skeleton_Blade.gltf
ERROR: Parameter "t" is null.
   at: texture_2d_get (servers/rendering/dummy/storage/texture_storage.h:107)
import: end
	reimport: step 410: Skeleton_Crossbow.gltf
ERROR: Parameter "t" is null.
   at: texture_2d_get (servers/rendering/dummy/storage/texture_storage.h:107)
import: end
	reimport: step 411: Skeleton_Shield_Large_A.gltf
ERROR: Parameter "t" is null.
   at: texture_2d_get (servers/rendering/dummy/storage/texture_storage.h:107)
import: end
	reimport: step 412: Skeleton_Shield_Small_A.gltf
ERROR: Parameter "t" is null.
   at: texture_2d_get (servers/rendering/dummy/storage/texture_storage.h:107)
import: end
	reimport: step 413: Skeleton_Staff.gltf
ERROR: Parameter "t" is null.
   at: texture_2d_get (servers/rendering/dummy/storage/texture_storage.h:107)
import: end
	reimport: step 414: wall_corner.glb
ERROR: Parameter "t" is null.
   at: texture_2d_get (servers/rendering/dummy/storage/texture_storage.h:107)
import: end
	reimport: step 415: wall_broken.glb
ERROR: Parameter "t" is null.
   at: texture_2d_get (servers/rendering/dummy/storage/texture_storage.h:107)
import: end
	reimport: step 416: wall_arched.glb
ERROR: Parameter "t" is null.
   at: texture_2d_get (servers/rendering/dummy/storage/texture_storage.h:107)
import: end
	reimport: step 417: wall.glb
ERROR: Parameter "t" is null.
   at: texture_2d_get (servers/rendering/dummy/storage/texture_storage.h:107)
import: end
	reimport: step 418: trunk_medium_A.glb
ERROR: Parameter "t" is null.
   at: texture_2d_get (servers/rendering/dummy/storage/texture_storage.h:107)
import: end
	reimport: step 419: ceiling.glb
ERROR: Parameter "t" is null.
   at: texture_2d_get (servers/rendering/dummy/storage/texture_storage.h:107)
import: end
	reimport: step 420: torch_mounted.glb
ERROR: Parameter "t" is null.
   at: texture_2d_get (servers/rendering/dummy/storage/texture_storage.h:107)
import: end
	reimport: step 421: torch_lit.glb
ERROR: Parameter "t" is null.
   at: texture_2d_get (servers/rendering/dummy/storage/texture_storage.h:107)
import: end
	reimport: step 422: Finalizing Asset Import...
