Godot log validation failed: godot-unit.log
ERROR: Condition "status < 0" is true. Returning: ERR_CANT_OPEN
   at: init_output_device (drivers/alsa/audio_driver_alsa.cpp:90)
WARNING: All audio drivers failed, falling back to the dummy driver.
     at: initialize (servers/audio_server.cpp:246)
ERROR: Parameter "material" is null.
   at: material_casts_shadows (drivers/gles3/storage/material_storage.cpp:2501)
ERROR: Parameter "material" is null.
   at: material_is_animated (drivers/gles3/storage/material_storage.cpp:2488)
ERROR: Parameter "material" is null.
   at: material_is_animated (drivers/gles3/storage/material_storage.cpp:2488)
ERROR: Parameter "material" is null.
   at: material_get_instance_shader_parameters (drivers/gles3/storage/material_storage.cpp:2527)
ERROR: Parameter "material" is null.
   at: material_get_instance_shader_parameters (drivers/gles3/storage/material_storage.cpp:2527)
ERROR: Parameter "material" is null.
   at: material_update_dependency (drivers/gles3/storage/material_storage.cpp:2539)
ERROR: Parameter "material" is null.
   at: material_update_dependency (drivers/gles3/storage/material_storage.cpp:2539)
SUITE: res://tests/unit/test_arena_world.gd
TEST EXPECTED ERRORS: ["ERROR: ArenaLandmark: kind 'wishing_well' has no builder"]
ERROR: Parameter "material" is null.
   at: material_casts_shadows (drivers/gles3/storage/material_storage.cpp:2501)
ERROR: Parameter "material" is null.
   at: material_is_animated (drivers/gles3/storage/material_storage.cpp:2488)
ERROR: Parameter "material" is null.
   at: material_is_animated (drivers/gles3/storage/material_storage.cpp:2488)
ERROR: Parameter "material" is null.
   at: material_get_instance_shader_parameters (drivers/gles3/storage/material_storage.cpp:2527)
ERROR: Parameter "material" is null.
   at: material_get_instance_shader_parameters (drivers/gles3/storage/material_storage.cpp:2527)
ERROR: Parameter "material" is null.
   at: material_update_dependency (drivers/gles3/storage/material_storage.cpp:2539)
ERROR: Parameter "material" is null.
   at: material_update_dependency (drivers/gles3/storage/material_storage.cpp:2539)
SUITE: res://tests/unit/test_enemy_scene_inheritance.gd
SUITE: res://tests/unit/test_hazards_live.gd
ERROR: Parameter "material" is null.
   at: material_casts_shadows (drivers/gles3/storage/material_storage.cpp:2501)
ERROR: Parameter "material" is null.
   at: material_is_animated (drivers/gles3/storage/material_storage.cpp:2488)
ERROR: Parameter "material" is null.
   at: material_is_animated (drivers/gles3/storage/material_storage.cpp:2488)
ERROR: Parameter "material" is null.
   at: material_get_instance_shader_parameters (drivers/gles3/storage/material_storage.cpp:2527)
ERROR: Parameter "material" is null.
   at: material_get_instance_shader_parameters (drivers/gles3/storage/material_storage.cpp:2527)
ERROR: Parameter "material" is null.
   at: material_update_dependency (drivers/gles3/storage/material_storage.cpp:2539)
ERROR: Parameter "material" is null.
   at: material_update_dependency (drivers/gles3/storage/material_storage.cpp:2539)
SUITE: res://tests/unit/test_status_manager.gd
SUITE: res://tests/unit/test_run_isolation.gd
ERROR: Texture with GL ID of 105: leaked 22369620 bytes.
   at: ~Utilities (drivers/gles3/storage/utilities.cpp:77)
ERROR: Texture with GL ID of 106: leaked 22369620 bytes.
   at: ~Utilities (drivers/gles3/storage/utilities.cpp:77)
ERROR: Texture with GL ID of 106: leaked 22369620 bytes.
   at: ~Utilities (drivers/gles3/storage/utilities.cpp:77)
