Godot Engine v4.4.1.stable.official.49a5bc7b6 - https://godotengine.org
WARNING: Could not set V-Sync mode, as changing V-Sync mode is not supported by the graphics driver.
     at: set_use_vsync (platform/linuxbsd/x11/gl_manager_x11.cpp:360)
OpenGL API 4.5 (Core Profile) Mesa 25.2.8-0ubuntu0.24.04.2 - Compatibility - Using Device: Mesa - llvmpipe (LLVM 20.1.2, 256 bits)

ERROR: Required extension VK_KHR_surface not found.
   at: _initialize_instance_extensions (drivers/vulkan/rendering_context_driver_vulkan.cpp:487)
ERROR: Condition "err != OK" is true. Returning: err
   at: initialize (drivers/vulkan/rendering_context_driver_vulkan.cpp:928)
WARNING: Ignoring unsupported header information in HDR: GAMMA=1.
     at: load_image (modules/hdr/image_loader_hdr.cpp:47)
WARNING: Ignoring unsupported header information in HDR: PRIMARIES=0 0 0 0 0 0 0 0.
     at: load_image (modules/hdr/image_loader_hdr.cpp:47)
WARNING: Ignoring unsupported header information in HDR: GAMMA=1.
     at: load_image (modules/hdr/image_loader_hdr.cpp:47)
WARNING: Ignoring unsupported header information in HDR: PRIMARIES=0 0 0 0 0 0 0 0.
     at: load_image (modules/hdr/image_loader_hdr.cpp:47)
WARNING: Ignoring unsupported header information in HDR: GAMMA=1.
     at: load_image (modules/hdr/image_loader_hdr.cpp:47)
WARNING: Ignoring unsupported header information in HDR: PRIMARIES=0 0 0 0 0 0 0 0.
     at: load_image (modules/hdr/image_loader_hdr.cpp:47)
Mode: UASTC LDR Level 0
Mode: UASTC LDR Level 0
Mode: UASTC LDR Level 0
Mode: UASTC LDR Level 0
Mode: UASTC LDR Level 0
Mode: UASTC LDR Level 0
Mode: UASTC LDR Level 0
Mode: UASTC LDR Level 0
Mode: UASTC LDR Level 0
Mode: UASTC LDR Level 0
Mode: UASTC LDR Level 0
Mode: UASTC LDR Level 0
Mode: UASTC LDR Level 0
Mode: UASTC LDR Level 0
Mode: UASTC LDR Level 0
Mode: UASTC LDR Level 0
Mode: UASTC LDR Level 0
Mode: UASTC LDR Level 0
Mode: UASTC LDR Level 0
Mode: UASTC LDR Level 0
Mode: UASTC LDR Level 0
Mode: UASTC LDR Level 0
Mode: UASTC LDR Level 0
Mode: UASTC LDR Level 0
Mode: UASTC LDR Level 0
Mode: UASTC LDR Level 0
Mode: UASTC LDR Level 0
Mode: UASTC LDR Level 0
Mode: UASTC LDR Level 0
Mode: UASTC LDR Level 0
Mode: UASTC LDR Level 0
Mode: UASTC LDR Level 0
Mode: UASTC LDR Level 0
Mode: UASTC LDR Level 0
Mode: UASTC LDR Level 0
Mode: UASTC LDR Level 0
Mode: UASTC LDR Level 0
Mode: UASTC LDR Level 0
Mode: UASTC LDR Level 0
Mode: UASTC LDR Level 0
Mode: UASTC LDR Level 0
Mode: UASTC LDR Level 0
Mode: UASTC LDR Level 0
Mode: UASTC LDR Level 0
Mode: UASTC LDR Level 0
Mode: UASTC LDR Level 0
Mode: UASTC LDR Level 0
Mode: UASTC LDR Level 0
Mode: UASTC LDR Level 0
Mode: UASTC LDR Level 0
Mode: UASTC LDR Level 0
Mode: UASTC LDR Level 0
Mode: UASTC LDR Level 0
Mode: UASTC LDR Level 0
Mode: UASTC LDR Level 0
Mode: UASTC LDR Level 0
Mode: UASTC LDR Level 0
Mode: UASTC LDR Level 0
Mode: UASTC LDR Level 0
Mode: UASTC LDR Level 0
Mode: UASTC LDR Level 0
Mode: UASTC LDR Level 0
Mode: UASTC LDR Level 0
Mode: UASTC LDR Level 0
Mode: UASTC LDR Level 0
Mode: UASTC LDR Level 0
Mode: UASTC LDR Level 0
Mode: UASTC LDR Level 0
Mode: UASTC LDR Level 0
Mode: UASTC LDR Level 0
Mode: UASTC LDR Level 0
Mode: UASTC LDR Level 0
Mode: UASTC LDR Level 0
Mode: UASTC LDR Level 0
Mode: UASTC LDR Level 0
Mode: UASTC LDR Level 0
Mode: UASTC LDR Level 0
Mode: UASTC LDR Level 0
Mode: UASTC LDR Level 0
Mode: UASTC LDR Level 0
Mode: UASTC LDR Level 0
Mode: UASTC LDR Level 0
Mode: UASTC LDR Level 0
Mode: UASTC LDR Level 0
Mode: UASTC LDR Level 0
Mode: UASTC LDR Level 0
Mode: UASTC LDR Level 0
Mode: UASTC LDR Level 0
Mode: UASTC LDR Level 0
Mode: UASTC LDR Level 0
Mode: UASTC LDR Level 0
Mode: UASTC LDR Level 0
Mode: UASTC LDR Level 0
Mode: UASTC LDR Level 0
Mode: UASTC LDR Level 0
Mode: UASTC LDR Level 0
Mode: UASTC LDR Level 0
Mode: UASTC LDR Level 0
Mode: UASTC LDR Level 0
Mode: UASTC LDR Level 0
Mode: UASTC LDR Level 0
Mode: UASTC LDR Level 0
Mode: UASTC LDR Level 0
Mode: UASTC LDR Level 0
Mode: UASTC LDR Level 0
Mode: UASTC LDR Level 0
Mode: UASTC LDR Level 0
Mode: UASTC LDR Level 0
Mode: UASTC LDR Level 0
Mode: UASTC LDR Level 0
Mode: UASTC LDR Level 0
Mode: UASTC LDR Level 0
Mode: UASTC LDR Level 0
Mode: UASTC LDR Level 0
Mode: UASTC LDR Level 0
Mode: UASTC LDR Level 0
Mode: UASTC LDR Level 0
Mode: UASTC LDR Level 0
Mode: UASTC LDR Level 0
Mode: UASTC LDR Level 0
Mode: UASTC LDR Level 0
Mode: UASTC LDR Level 0
Mode: UASTC LDR Level 0
Mode: UASTC LDR Level 0
Mode: UASTC LDR Level 0
Mode: UASTC LDR Level 0
Mode: UASTC LDR Level 0
Mode: UASTC LDR Level 0
Mode: UASTC LDR Level 0
Mode: UASTC LDR Level 0
Mode: UASTC LDR Level 0
Mode: UASTC LDR Level 0
Mode: UASTC LDR Level 0
Mode: UASTC LDR Level 0
Mode: UASTC LDR Level 0
Mode: UASTC LDR Level 0
Mode: UASTC LDR Level 0
Mode: UASTC LDR Level 0
Mode: UASTC LDR Level 0
Mode: UASTC LDR Level 0
Mode: UASTC LDR Level 0
Mode: UASTC LDR Level 0
Mode: UASTC LDR Level 0
Mode: UASTC LDR Level 0
Mode: UASTC LDR Level 0
Mode: UASTC LDR Level 0
Mode: UASTC LDR Level 0
Mode: UASTC LDR Level 0
Mode: UASTC LDR Level 0
Mode: UASTC LDR Level 0
Mode: UASTC LDR Level 0
Mode: UASTC LDR Level 0
Mode: UASTC LDR Level 0
Mode: UASTC LDR Level 0
Mode: UASTC LDR Level 0
Mode: UASTC LDR Level 0
Mode: UASTC LDR Level 0
Mode: UASTC LDR Level 0
Mode: UASTC LDR Level 0
Mode: UASTC LDR Level 0
Mode: UASTC LDR Level 0
Mode: UASTC LDR Level 0
Mode: UASTC LDR Level 0
Mode: UASTC LDR Level 0
Mode: UASTC LDR Level 0
Mode: UASTC LDR Level 0
Mode: UASTC LDR Level 0
Mode: UASTC LDR Level 0
Mode: UASTC LDR Level 0
Mode: UASTC LDR Level 0
Mode: UASTC LDR cannot connect to daemon at tcp:5037: Connection refused
Level 0
Mode: UASTC LDR Level 0
Mode: UASTC LDR Level 0
Mode: UASTC LDR Level 0
Mode: UASTC LDR Level 0
Mode: UASTC LDR Level 0
Mode: UASTC LDR Level 0
Mode: UASTC LDR Level 0
Mode: UASTC LDR Level 0
Mode: UASTC LDR Level 0
Mode: UASTC LDR Level 0
Mode: UASTC LDR Level 0
Mode: UASTC LDR Level 0
Mode: UASTC LDR Level 0
Mode: UASTC LDR Level 0
Mode: UASTC LDR Level 0
Mode: UASTC LDR Level 0
Mode: UASTC LDR Level 0
Mode: UASTC LDR Level 0
Mode: UASTC LDR Level 0
Mode: UASTC LDR Level 0
Mode: UASTC LDR Level 0
Mode: UASTC LDR Level 0
Mode: UASTC LDR Level 0
Mode: UASTC LDR Level 0
Mode: UASTC LDR Level 0
Mode: UASTC LDR Level 0
Mode: UASTC LDR Level 0
Mode: UASTC LDR Level 0
Mode: UASTC LDR Level 0
Mode: UASTC LDR Level 0
Mode: UASTC LDR Level 0
Mode: UASTC LDR Level 0
Mode: UASTC LDR Level 0
Mode: UASTC LDR Level 0
Mode: UASTC LDR Level 0
Mode: UASTC LDR Level 0
Mode: UASTC LDR Level 0
Mode: UASTC LDR Level 0
Mode: UASTC LDR Level 0
Mode: UASTC LDR Level 0
Mode: UASTC LDR Level 0
Mode: UASTC LDR Level 0
Mode: UASTC LDR Level 0
Mode: UASTC LDR Level 0
Mode: UASTC LDR Level 0
Mode: UASTC LDR Level 0
Mode: UASTC LDR Level 0
Mode: UASTC LDR Level 0
Mode: UASTC LDR Level 0
Mode: UASTC LDR Level 0
Mode: UASTC LDR Level 0
Mode: UASTC LDR Level 0
Mode: UASTC LDR Level 0
Mode: UASTC LDR Level 0
Mode: UASTC LDR Level 0
Mode: UASTC LDR Level 0
Mode: UASTC LDR Level 0
Mode: UASTC LDR Level 0
Mode: UASTC LDR Level 0
Mode: UASTC LDR Level 0
Mode: UASTC LDR Level 0
Mode: UASTC LDR Level 0
Mode: UASTC LDR Level 0
Mode: UASTC LDR Level 0
Mode: UASTC LDR Level 0
Mode: UASTC LDR Level 0
Mode: UASTC LDR Level 0
Mode: UASTC LDR Level 0
Mode: UASTC LDR Level 0
Mode: UASTC LDR Level 0
Mode: UASTC LDR Level 0
Mode: UASTC LDR Level 0
Mode: UASTC LDR Level 0
Mode: UASTC LDR Level 0
Mode: UASTC LDR Level 0
Mode: UASTC LDR Level 0
Mode: UASTC LDR Level 0
Mode: UASTC LDR Level 0
Mode: UASTC LDR Level 0
Mode: UASTC LDR Level 0
Mode: UASTC LDR Level 0
Mode: UASTC LDR Level 0
Mode: UASTC LDR Level 0
Mode: UASTC LDR Level 0
Mode: UASTC LDR Level 0
Mode: UASTC LDR Level 0
Mode: UASTC LDR Level 0
Mode: UASTC LDR Level 0
Mode: UASTC LDR Level 0
Mode: UASTC LDR Level 0
Mode: UASTC LDR Level 0
Mode: UASTC LDR Level 0
Mode: UASTC LDR Level 0
Mode: UASTC LDR Level 0
Mode: UASTC LDR Level 0
Mode: UASTC LDR Level 0
Mode: UASTC LDR Level 0
Mode: UASTC LDR Level 0
Mode: UASTC LDR Level 0
Mode: UASTC LDR Level 0
Mode: UASTC LDR Level 0
Mode: UASTC LDR Level 0
Mode: UASTC LDR Level 0
Mode: UASTC LDR Level 0
Mode: UASTC LDR Level 0
Mode: UASTC LDR Level 0
Mode: UASTC LDR Level 0
Mode: UASTC LDR Level 0
